Component: ARM Compiler 5.05 update 1 (build 106) Tool: armlink [4d0efa]

==============================================================================

Section Cross References

    main.o(.text) refers to _printf_pad.o(.text) for _printf_pre_padding
    main.o(.text) refers to _printf_percent.o(.ARM.Collect$$_printf_percent$$00000000) for _printf_percent
    main.o(.text) refers to _printf_f.o(.ARM.Collect$$_printf_percent$$00000003) for _printf_f
    main.o(.text) refers to _printf_c.o(.ARM.Collect$$_printf_percent$$00000013) for _printf_c
    main.o(.text) refers to printf1.o(x$fpl$printf1) for _printf_fp_dec
    main.o(.text) refers to _printf_str.o(.text) for _printf_str
    main.o(.text) refers to _printf_s.o(.ARM.Collect$$_printf_percent$$00000014) for _printf_s
    main.o(.text) refers to _printf_d.o(.ARM.Collect$$_printf_percent$$00000009) for _printf_d
    main.o(.text) refers to _printf_dec.o(.text) for _printf_int_dec
    main.o(.text) refers to fflt_clz.o(x$fpl$ffltu) for __aeabi_ui2f
    main.o(.text) refers to fdiv.o(x$fpl$fdiv) for __aeabi_fdiv
    main.o(.text) refers to f2d.o(x$fpl$f2d) for __aeabi_f2d
    main.o(.text) refers to __2sprintf.o(.text) for __2sprintf
    main.o(.text) refers to lcd.o(.text) for LCD_ShowString
    main.o(.text) refers to fflt_clz.o(x$fpl$fflt) for __aeabi_i2f
    main.o(.text) refers to __2printf.o(.text) for __2printf
    main.o(.text) refers to delay.o(.text) for delay_init
    main.o(.text) refers to misc.o(.text) for NVIC_PriorityGroupConfig
    main.o(.text) refers to usart.o(.text) for uart_init
    main.o(.text) refers to usart3.o(.text) for usart3_init
    main.o(.text) refers to led.o(.text) for LED_Init
    main.o(.text) refers to key.o(.text) for KEY_Init
    main.o(.text) refers to gps.o(.text) for GPS_Analysis
    main.o(.text) refers to lcd.o(.data) for POINT_COLOR
    main.o(.text) refers to main.o(.bss) for gpsx
    main.o(.text) refers to main.o(.data) for fixmode_tbl
    main.o(.text) refers to usart3.o(.data) for USART3_RX_STA
    main.o(.text) refers to usart3.o(.bss) for USART3_RX_BUF
    main.o(.data) refers to main.o(.conststring) for .conststring
    system_stm32f10x.o(.text) refers to system_stm32f10x.o(.data) for SystemCoreClock
    led.o(.text) refers to stm32f10x_rcc.o(.text) for RCC_APB2PeriphClockCmd
    led.o(.text) refers to stm32f10x_gpio.o(.text) for GPIO_Init
    key.o(.text) refers to stm32f10x_rcc.o(.text) for RCC_APB2PeriphClockCmd
    key.o(.text) refers to stm32f10x_gpio.o(.text) for GPIO_Init
    key.o(.text) refers to delay.o(.text) for delay_ms
    key.o(.text) refers to key.o(.data) for key_up
    lcd.o(.text) refers to _printf_percent.o(.ARM.Collect$$_printf_percent$$00000000) for _printf_percent
    lcd.o(.text) refers to _printf_x.o(.ARM.Collect$$_printf_percent$$0000000C) for _printf_x
    lcd.o(.text) refers to _printf_hex_int_ll_ptr.o(.text) for _printf_longlong_hex
    lcd.o(.text) refers to delay.o(.text) for delay_us
    lcd.o(.text) refers to lcd.o(.bss) for lcddev
    lcd.o(.text) refers to lcd.o(.data) for POINT_COLOR
    lcd.o(.text) refers to dflt_clz.o(x$fpl$dfltu) for __aeabi_ui2d
    lcd.o(.text) refers to dmul.o(x$fpl$dmul) for __aeabi_dmul
    lcd.o(.text) refers to dfixu.o(x$fpl$dfixu) for __aeabi_d2uiz
    lcd.o(.text) refers to stm32f10x_rcc.o(.text) for RCC_AHBPeriphClockCmd
    lcd.o(.text) refers to stm32f10x_gpio.o(.text) for GPIO_Init
    lcd.o(.text) refers to stm32f10x_fsmc.o(.text) for FSMC_NORSRAMInit
    lcd.o(.text) refers to __2printf.o(.text) for __2printf
    lcd.o(.text) refers to lcd.o(.constdata) for asc2_1206
    timer.o(.text) refers to stm32f10x_tim.o(.text) for TIM_GetITStatus
    timer.o(.text) refers to stm32f10x_rcc.o(.text) for RCC_APB1PeriphClockCmd
    timer.o(.text) refers to misc.o(.text) for NVIC_Init
    timer.o(.text) refers to usart3.o(.data) for USART3_RX_STA
    usart3.o(.text) refers to stm32f10x_usart.o(.text) for USART_GetITStatus
    usart3.o(.text) refers to stm32f10x_tim.o(.text) for TIM_SetCounter
    usart3.o(.text) refers to stm32f10x_rcc.o(.text) for RCC_APB2PeriphClockCmd
    usart3.o(.text) refers to stm32f10x_gpio.o(.text) for GPIO_Init
    usart3.o(.text) refers to misc.o(.text) for NVIC_Init
    usart3.o(.text) refers to timer.o(.text) for TIM4_Int_Init
    usart3.o(.text) refers to c89vsprintf.o(.text) for __c89vsprintf
    usart3.o(.text) refers to strlen.o(.text) for strlen
    usart3.o(.text) refers to usart3.o(.data) for USART3_RX_STA
    usart3.o(.text) refers to usart3.o(.bss) for USART3_RX_BUF
    gps.o(.text) refers to strstr.o(.text) for strstr
    gps.o(.text) refers to fflt_clz.o(x$fpl$ffltu) for __aeabi_ui2f
    gps.o(.text) refers to fmul.o(x$fpl$fmul) for __aeabi_fmul
    gps.o(.text) refers to fdiv.o(x$fpl$fdiv) for __aeabi_fdiv
    gps.o(.text) refers to faddsub_clz.o(x$fpl$fadd) for __aeabi_fadd
    gps.o(.text) refers to ffixu.o(x$fpl$ffixu) for __aeabi_f2uiz
[...]
    .text                                    0x08008be0   Section        0  _printf_char_common.o(.text)
    _printf_input_char                       0x08008be1   Thumb Code    10  _printf_char_common.o(.text)
    .text                                    0x08008c10   Section        0  _sputc.o(.text)
    .text                                    0x08008c1a   Section        0  _printf_char.o(.text)
    .text                                    0x08008c48   Section        0  _printf_char_file.o(.text)
    .text                                    0x08008c6c   Section        0  _printf_wctomb.o(.text)
    .text                                    0x08008d28   Section        0  _printf_longlong_dec.o(.text)
    .text                                    0x08008da4   Section        0  _printf_oct_int_ll.o(.text)
    _printf_longlong_oct_internal            0x08008da5   Thumb Code     0  _printf_oct_int_ll.o(.text)
    .text                                    0x08008e14   Section        8  rt_locale_intlibspace.o(.text)
    .text                                    0x08008e1c   Section      138  lludiv10.o(.text)
    .text                                    0x08008ea8   Section        0  _printf_fp_infnan.o(.text)
    .text                                    0x08008f28   Section        0  _printf_wchar.o(.text)
    .text                                    0x08008f54   Section        0  bigflt0.o(.text)
    .text                                    0x08009030   Section        0  ferror.o(.text)
    .text                                    0x08009038   Section        0  _wcrtomb.o(.text)
    .text                                    0x08009078   Section        8  libspace.o(.text)
    .text                                    0x08009080   Section       74  sys_stackheap_outer.o(.text)
    .text                                    0x080090cc   Section       16  rt_ctype_table.o(.text)
    .text                                    0x080090dc   Section        0  exit.o(.text)
    .text                                    0x080090e8   Section      128  strcmpv7m.o(.text)
    CL$$btod_d2e                             0x08009168   Section       62  btod.o(CL$$btod_d2e)
    CL$$btod_d2e_denorm_low                  0x080091a6   Section       70  btod.o(CL$$btod_d2e_denorm_low)
    CL$$btod_d2e_norm_op1                    0x080091ec   Section       96  btod.o(CL$$btod_d2e_norm_op1)
    CL$$btod_div_common                      0x0800924c   Section      824  btod.o(CL$$btod_div_common)
    CL$$btod_e2e                             0x08009584   Section      198  btod.o(CL$$btod_e2e)
    CL$$btod_ediv                            0x0800964a   Section       40  btod.o(CL$$btod_ediv)
    CL$$btod_emul                            0x08009672   Section       40  btod.o(CL$$btod_emul)
    CL$$btod_mult_common                     0x0800969a   Section      580  btod.o(CL$$btod_mult_common)
    i.__ARM_fpclassify                       0x080098de   Section        0  fpclassify.o(i.__ARM_fpclassify)
    i._is_digit                              0x08009906   Section        0  __printf_wp.o(i._is_digit)
    locale$$code                             0x08009914   Section       44  lc_numeric_c.o(locale$$code)
    locale$$code                             0x08009940   Section       44  lc_ctype_c.o(locale$$code)
    x$fpl$dfixu                              0x0800996c   Section       90  dfixu.o(x$fpl$dfixu)
    x$fpl$dfltu                              0x080099c6   Section       38  dflt_clz.o(x$fpl$dfltu)
    x$fpl$dmul                               0x080099ec   Section      340  dmul.o(x$fpl$dmul)
    x$fpl$dnaninf                            0x08009b40   Section      156  dnaninf.o(x$fpl$dnaninf)
    x$fpl$dretinf                            0x08009bdc   Section       12  dretinf.o(x$fpl$dretinf)
    x$fpl$f2d                                0x08009be8   Section       86  f2d.o(x$fpl$f2d)
    x$fpl$fadd                               0x08009c40   Section      196  faddsub_clz.o(x$fpl$fadd)
    _fadd1                                   0x08009c4f   Thumb Code     0  faddsub_clz.o(x$fpl$fadd)
    x$fpl$fdiv                               0x08009d04   Section      388  fdiv.o(x$fpl$fdiv)
    _fdiv1                                   0x08009d05   Thumb Code     0  fdiv.o(x$fpl$fdiv)
    x$fpl$ffixu                              0x08009e88   Section       62  ffixu.o(x$fpl$ffixu)
    x$fpl$fflt                               0x08009ec8   Section       48  fflt_clz.o(x$fpl$fflt)
    x$fpl$ffltu                              0x08009ef8   Section       38  fflt_clz.o(x$fpl$ffltu)
    x$fpl$fmul                               0x08009f20   Section      258  fmul.o(x$fpl$fmul)
    x$fpl$fnaninf                            0x0800a022   Section      140  fnaninf.o(x$fpl$fnaninf)
    x$fpl$fretinf                            0x0800a0ae   Section       10  fretinf.o(x$fpl$fretinf)
    x$fpl$fsub                               0x0800a0b8   Section      234  faddsub_clz.o(x$fpl$fsub)
    _fsub1                                   0x0800a0c7   Thumb Code     0  faddsub_clz.o(x$fpl$fsub)
    x$fpl$printf1                            0x0800a1a2   Section        4  printf1.o(x$fpl$printf1)
    .constdata                               0x0800a1a6   Section     6080  lcd.o(.constdata)
    x$fpl$usenofp                            0x0800a1a6   Section        0  usenofp.o(x$fpl$usenofp)
    .constdata                               0x0800b966   Section       40  _printf_hex_int_ll_ptr.o(.constdata)
    uc_hextab                                0x0800b966   Data          20  _printf_hex_int_ll_ptr.o(.constdata)
    lc_hextab                                0x0800b97a   Data          20  _printf_hex_int_ll_ptr.o(.constdata)
    .constdata                               0x0800b98e   Section       17  __printf_flags_ss_wp.o(.constdata)
    maptable                                 0x0800b98e   Data          17  __printf_flags_ss_wp.o(.constdata)
    .constdata                               0x0800b9a0   Section        8  _printf_wctomb.o(.constdata)
    initial_mbstate                          0x0800b9a0   Data           8  _printf_wctomb.o(.constdata)
    .constdata                               0x0800b9a8   Section      148  bigflt0.o(.constdata)
    tenpwrs_x                                0x0800b9a8   Data          60  bigflt0.o(.constdata)
    tenpwrs_i                                0x0800b9e4   Data          64  bigflt0.o(.constdata)
    .conststring                             0x0800ba3c   Section       21  main.o(.conststring)
    locale$$data                             0x0800ba74   Section       28  lc_numeric_c.o(locale$$data)
    __lcnum_c_name                           0x0800ba78   Data           2  lc_numeric_c.o(locale$$data)
    __lcnum_c_start                          0x0800ba80   Data           0  lc_numeric_c.o(locale$$data)
    __lcnum_c_point                          0x0800ba8c   Data           0  lc_numeric_c.o(locale$$data)
    __lcnum_c_thousands                      0x0800ba8e   Data           0  lc_numeric_c.o(locale$$data)
    __lcnum_c_grouping                       0x0800ba8f   Data           0  lc_numeric_c.o(locale$$data)
    locale$$data                             0x0800ba90   Section      272  lc_ctype_c.o(locale$$data)
    __lcnum_c_end                            0x0800ba90   Data           0  lc_numeric_c.o(locale$$data)
    __lcctype_c_name                         0x0800ba94   Data           2  lc_ctype_c.o(locale$$data)
    __lcctype_c_start                        0x0800ba9c   Data           0  lc_ctype_c.o(locale$$data)
    __lcctype_c_end                          0x0800bba0   Data           0  lc_ctype_c.o(locale$$data)
    .data                                    0x20000000   Section       16  main.o(.data)
    .data                                    0x20000010   Section       20  system_stm32f10x.o(.data)
    .data                                    0x20000024   Section        1  key.o(.data)
    key_up                                   0x20000024   Data           1  key.o(.data)
    .data                                    0x20000026   Section        4  lcd.o(.data)
    .data                                    0x2000002a   Section        2  usart3.o(.data)
    .data                                    0x2000002c   Section       25  gps.o(.data)
    .data                                    0x20000046   Section        4  delay.o(.data)
    fac_us                                   0x20000046   Data           1  delay.o(.data)
    fac_ms                                   0x20000048   Data           2  delay.o(.data)
    .data                                    0x2000004c   Section        6  usart.o(.data)
    .data                                    0x20000052   Section       20  stm32f10x_rcc.o(.data)
    APBAHBPrescTable                         0x20000052   Data          16  stm32f10x_rcc.o(.data)
    ADCPrescTable                            0x20000062   Data           4  stm32f10x_rcc.o(.data)
    .bss                                     0x20000068   Section     2206  main.o(.bss)
    .bss                                     0x20000906   Section       14  lcd.o(.bss)
    .bss                                     0x20000914   Section     2648  usart3.o(.bss)
    .bss                                     0x2000136c   Section      200  usart.o(.bss)
    .bss                                     0x20001434   Section       96  libspace.o(.bss)
    HEAP                                     0x20001498   Section      512  startup_stm32f10x_md.o(HEAP)
    Heap_Mem                                 0x20001498   Data         512  startup_stm32f10x_md.o(HEAP)
    STACK                                    0x20001698   Section     1024  startup_stm32f10x_md.o(STACK)
    Stack_Mem                                0x20001698   Data        1024  startup_stm32f10x_md.o(STACK)
    __initial_sp                             0x20001a98   Data           0  startup_stm32f10x_md.o(STACK)

    Global Symbols

    Symbol Name                              Value     Ov Type        Size  Object(Section)

    BuildAttributes$$THM_ISAv4$P$D$K$B$S$PE$A:L22UL41UL21$X:L11$S22US41US21$IEEE1$IW$USESV6$~STKCKD$USESV7$~SHL$OTIME$ROPI$IEEEJ$EBA8$UX$STANDARDLIB$REQ8$PRES8$EABIv2 0x00000000   Number         0  anon$$obj.o ABSOLUTE
    __ARM_use_no_argv                        0x00000000   Number         0  main.o ABSOLUTE
    _printf_flags                            0x00000000   Number         0  printf_stubs.o ABSOLUTE
    _printf_return_value                     0x00000000   Number         0  printf_stubs.o ABSOLUTE
    _printf_sizespec                         0x00000000   Number         0  printf_stubs.o ABSOLUTE
    _printf_widthprec                        0x00000000   Number         0  printf_stubs.o ABSOLUTE
    __ARM_exceptions_init                     - Undefined Weak Reference
    __alloca_initialize                       - Undefined Weak Reference
    __arm_preinit_                            - Undefined Weak Reference
    __cpp_initialize__aeabi_                  - Undefined Weak Reference
    __cxa_finalize                            - Undefined Weak Reference
    __sigvec_lookup                           - Undefined Weak Reference
    _atexit_init                              - Undefined Weak Reference
    _call_atexit_fns                          - Undefined Weak Reference
    _clock_init                               - Undefined Weak Reference
    _fp_trap_init                             - Undefined Weak Reference
    _fp_trap_shutdown                         - Undefined Weak Reference
    _get_lc_collate                           - Undefined Weak Reference
    _get_lc_monetary                          - Undefined Weak Reference
    _get_lc_time                              - Undefined Weak Reference
    _getenv_init                              - Undefined Weak Reference
    _handle_redirection                       - Undefined Weak Reference
    _init_alloc                               - Undefined Weak Reference
    _init_user_alloc                          - Undefined Weak Reference
    _initio                                   - Undefined Weak Reference
    _mutex_acquire                            - Undefined Weak Reference
    _mutex_release                            - Undefined Weak Reference
    _printf_fp_hex                            - Undefined Weak Reference
    _printf_mbtowc                            - Undefined Weak Reference
    _printf_wc                                - Undefined Weak Reference
    _rand_init                                - Undefined Weak Reference
    _signal_finish                            - Undefined Weak Reference
    _signal_init                              - Undefined Weak Reference
    _terminate_alloc                          - Undefined Weak Reference
    _terminate_user_alloc                     - Undefined Weak Reference
    _terminateio                              - Undefined Weak Reference
    __Vectors_Size                           0x000000ec   Number         0  startup_stm32f10x_md.o ABSOLUTE
    __Vectors                                0x08000000   Data           4  startup_stm32f10x_md.o(RESET)
    __Vectors_End                            0x080000ec   Data           0  startup_stm32f10x_md.o(RESET)
    __main                                   0x080000ed   Thumb Code     8  __main.o(!!!main)
    __scatterload                            0x080000f5   Thumb Code     0  __scatter.o(!!!scatter)
    __scatterload_rt2                        0x080000f5   Thumb Code    44  __scatter.o(!!!scatter)
    __scatterload_rt2_thumb_only             0x080000f5   Thumb Code     0  __scatter.o(!!!scatter)
    __scatterload_null                       0x08000103   Thumb Code     0  __scatter.o(!!!scatter)
    __scatterload_copy                       0x08000129   Thumb Code    26  __scatter_copy.o(!!handler_copy)
    __scatterload_zeroinit                   0x08000145   Thumb Code    28  __scatter_zi.o(!!handler_zi)
    _printf_n                                0x08000161   Thumb Code     0  _printf_n.o(.ARM.Collect$$_printf_percent$$00000001)
    _printf_percent                          0x08000161   Thumb Code     0  _printf_percent.o(.ARM.Collect$$_printf_percent$$00000000)
    _printf_p                                0x08000167   Thumb Code     0  _printf_p.o(.ARM.Collect$$_printf_percent$$00000002)
    _printf_f                                0x0800016d   Thumb Code     0  _printf_f.o(.ARM.Collect$$_printf_percent$$00000003)
    _printf_e                                0x08000173   Thumb Code     0  _printf_e.o(.ARM.Collect$$_printf_percent$$00000004)
    _printf_g                                0x08000179   Thumb Code     0  _printf_g.o(.ARM.Collect$$_printf_percent$$00000005)
    _printf_a                                0x0800017f   Thumb Code     0  _printf_a.o(.ARM.Collect$$_printf_percent$$00000006)
    _printf_ll                               0x08000185   Thumb Code     0  _printf_ll.o(.ARM.Collect$$_printf_percent$$00000007)
    _printf_i                                0x0800018f   Thumb Code     0  _printf_i.o(.ARM.Collect$$_printf_percent$$00000008)
    _printf_d                                0x08000195   Thumb Code     0  _printf_d.o(.ARM.Collect$$_printf_percent$$00000009)
    _printf_u                                0x0800019b   Thumb Code     0  _printf_u.o(.ARM.Collect$$_printf_percent$$0000000A)
    _printf_o                                0x080001a1   Thumb Code     0  _printf_o.o(.ARM.Collect$$_printf_percent$$0000000B)
    _printf_x                                0x080001a7   Thumb Code     0  _printf_x.o(.ARM.Collect$$_printf_percent$$0000000C)
    _printf_lli                              0x080001ad   Thumb Code     0  _printf_lli.o(.ARM.Collect$$_printf_percent$$0000000D)
    _printf_lld                              0x080001b3   Thumb Code     0  _printf_lld.o(.ARM.Collect$$_printf_percent$$0000000E)
    _printf_llu                              0x080001b9   Thumb Code     0  _printf_llu.o(.ARM.Collect$$_printf_percent$$0000000F)
    _printf_llo                              0x080001bf   Thumb Code     0  _printf_llo.o(.ARM.Collect$$_printf_percent$$00000010)
    _printf_llx                              0x080001c5   Thumb Code     0  _printf_llx.o(.ARM.Collect$$_printf_percent$$00000011)
    _printf_l                                0x080001cb   Thumb Code     0  _printf_l.o(.ARM.Collect$$_printf_percent$$00000012)
    _printf_c                                0x080001d5   Thumb Code     0  _printf_c.o(.ARM.Collect$$_printf_percent$$00000013)
    _printf_s                                0x080001db   Thumb Code     0  _printf_s.o(.ARM.Collect$$_printf_percent$$00000014)
    _printf_lc                               0x080001e1   Thumb Code     0  _printf_lc.o(.ARM.Collect$$_printf_percent$$00000015)
    _printf_ls                               0x080001e7   Thumb Code     0  _printf_ls.o(.ARM.Collect$$_printf_percent$$00000016)
    _printf_percent_end                      0x080001ed   Thumb Code     0  _printf_percent_end.o(.ARM.Collect$$_printf_percent$$00000017)
    __rt_lib_init                            0x080001f1   Thumb Code     0  libinit.o(.ARM.Collect$$libinit$$00000000)
    __rt_lib_init_fp_1                       0x080001f3   Thumb Code     0  libinit2.o(.ARM.Collect$$libinit$$00000002)
    __rt_lib_init_heap_1                     0x080001f3   Thumb Code     0  libinit2.o(.ARM.Collect$$libinit$$0000000A)
    __rt_lib_init_lc_common                  0x080001f3   Thumb Code     0  libinit2.o(.ARM.Collect$$libinit$$0000000F)
    __rt_lib_init_preinit_1                  0x080001f3   Thumb Code     0  libinit2.o(.ARM.Collect$$libinit$$00000004)
    __rt_lib_init_rand_1                     0x080001f3   Thumb Code     0  libinit2.o(.ARM.Collect$$libinit$$0000000E)
    __rt_lib_init_user_alloc_1               0x080001f3   Thumb Code     0  libinit2.o(.ARM.Collect$$libinit$$0000000C)
    __rt_lib_init_lc_collate_1               0x080001f9   Thumb Code     0  libinit2.o(.ARM.Collect$$libinit$$00000011)
    __rt_lib_init_lc_ctype_2                 0x080001f9   Thumb Code     0  libinit2.o(.ARM.Collect$$libinit$$00000012)
    __rt_lib_init_lc_ctype_1                 0x08000205   Thumb Code     0  libinit2.o(.ARM.Collect$$libinit$$00000013)
    __rt_lib_init_lc_monetary_1              0x08000205   Thumb Code     0  libinit2.o(.ARM.Collect$$libinit$$00000015)
    __rt_lib_init_lc_numeric_2               0x08000205   Thumb Code     0  libinit2.o(.ARM.Collect$$libinit$$00000016)
    __rt_lib_init_alloca_1                   0x0800020f   Thumb Code     0  libinit2.o(.ARM.Collect$$libinit$$0000002E)
    __rt_lib_init_argv_1                     0x0800020f   Thumb Code     0  libinit2.o(.ARM.Collect$$libinit$$0000002C)
    __rt_lib_init_atexit_1                   0x0800020f   Thumb Code     0  libinit2.o(.ARM.Collect$$libinit$$0000001B)
    __rt_lib_init_clock_1                    0x0800020f   Thumb Code     0  libinit2.o(.ARM.Collect$$libinit$$00000021)
    __rt_lib_init_cpp_1                      0x0800020f   Thumb Code     0  libinit2.o(.ARM.Collect$$libinit$$00000032)
    __rt_lib_init_exceptions_1               0x0800020f   Thumb Code     0  libinit2.o(.ARM.Collect$$libinit$$00000030)
    __rt_lib_init_fp_trap_1                  0x0800020f   Thumb Code     0  libinit2.o(.ARM.Collect$$libinit$$0000001F)
    __rt_lib_init_getenv_1                   0x0800020f   Thumb Code     0  libinit2.o(.ARM.Collect$$libinit$$00000023)
    __rt_lib_init_lc_numeric_1               0x0800020f   Thumb Code     0  libinit2.o(.ARM.Collect$$libinit$$00000017)
    __rt_lib_init_lc_time_1                  0x0800020f   Thumb Code     0  libinit2.o(.ARM.Collect$$libinit$$00000019)
    __rt_lib_init_return                     0x0800020f   Thumb Code     0  libinit2.o(.ARM.Collect$$libinit$$00000033)
    __rt_lib_init_signal_1                   0x0800020f   Thumb Code     0  libinit2.o(.ARM.Collect$$libinit$$0000001D)
    __rt_lib_init_stdio_1                    0x0800020f   Thumb Code     0  libinit2.o(.ARM.Collect$$libinit$$00000025)
    __rt_lib_shutdown                        0x08000211   Thumb Code     0  libshutdown.o(.ARM.Collect$$libshutdown$$00000000)
    __rt_lib_shutdown_fp_trap_1              0x08000213   Thumb Code     0  libshutdown2.o(.ARM.Collect$$libshutdown$$00000006)
    __rt_lib_shutdown_heap_1                 0x08000213   Thumb Code     0  libshutdown2.o(.ARM.Collect$$libshutdown$$0000000E)
    __rt_lib_shutdown_return                 0x08000213   Thumb Code     0  libshutdown2.o(.ARM.Collect$$libshutdown$$0000000F)
    __rt_lib_shutdown_signal_1               0x08000213   Thumb Code     0  libshutdown2.o(.ARM.Collect$$libshutdown$$00000009)
    __rt_lib_shutdown_stdio_1                0x08000213   Thumb Code     0  libshutdown2.o(.ARM.Collect$$libshutdown$$00000003)
    __rt_lib_shutdown_user_alloc_1           0x08000213   Thumb Code     0  libshutdown2.o(.ARM.Collect$$libshutdown$$0000000B)
    __rt_entry                               0x08000215   Thumb Code     0  __rtentry.o(.ARM.Collect$$rtentry$$00000000)
    __rt_entry_presh_1                       0x08000215   Thumb Code     0  __rtentry2.o(.ARM.Collect$$rtentry$$00000002)
    __rt_entry_sh                            0x08000215   Thumb Code     0  __rtentry4.o(.ARM.Collect$$rtentry$$00000004)
    __rt_entry_li                            0x0800021b   Thumb Code     0  __rtentry2.o(.ARM.Collect$$rtentry$$0000000A)
    __rt_entry_postsh_1                      0x0800021b   Thumb Code     0  __rtentry2.o(.ARM.Collect$$rtentry$$00000009)
    __rt_entry_main                          0x0800021f   Thumb Code     0  __rtentry2.o(.ARM.Collect$$rtentry$$0000000D)
    __rt_entry_postli_1                      0x0800021f   Thumb Code     0  __rtentry2.o(.ARM.Collect$$rtentry$$0000000C)
    __rt_exit                                0x08000227   Thumb Code     0  rtexit.o(.ARM.Collect$$rtexit$$00000000)
    __rt_exit_ls                             0x08000229   Thumb Code     0  rtexit2.o(.ARM.Collect$$rtexit$$00000003)
    __rt_exit_prels_1                        0x08000229   Thumb Code     0  rtexit2.o(.ARM.Collect$$rtexit$$00000002)
    __rt_exit_exit                           0x0800022d   Thumb Code     0  rtexit2.o(.ARM.Collect$$rtexit$$00000004)
    Gps_Msg_Show                             0x08000235   Thumb Code   500  main.o(.text)
    Gps_Uart1_Show                           0x08000429   Thumb Code   280  main.o(.text)
    main                                     0x08000541   Thumb Code   168  main.o(.text)
    NMI_Handler                              0x080007c9   Thumb Code     2  stm32f10x_it.o(.text)
    HardFault_Handler                        0x080007cb   Thumb Code     4  stm32f10x_it.o(.text)
    MemManage_Handler                        0x080007cf   Thumb Code     4  stm32f10x_it.o(.text)
    BusFault_Handler                         0x080007d3   Thumb Code     4  stm32f10x_it.o(.text)
    UsageFault_Handler                       0x080007d7   Thumb Code     4  stm32f10x_it.o(.text)
    SVC_Handler                              0x080007db   Thumb Code     2  stm32f10x_it.o(.text)
    DebugMon_Handler                         0x080007dd   Thumb Code     2  stm32f10x_it.o(.text)
    PendSV_Handler                           0x080007df   Thumb Code     2  stm32f10x_it.o(.text)
    SysTick_Handler                          0x080007e1   Thumb Code     2  stm32f10x_it.o(.text)
    SystemInit                               0x080008c3   Thumb Code    78  system_stm32f10x.o(.text)
    SystemCoreClockUpdate                    0x08000911   Thumb Code   142  system_stm32f10x.o(.text)
    LED_Init                                 0x080009c5   Thumb Code    68  led.o(.text)
    KEY_Init                                 0x08000a11   Thumb Code    52  key.o(.text)
    KEY_Scan                                 0x08000a45   Thumb Code   188  key.o(.text)
    LCD_WR_REG                               0x08000b0d   Thumb Code     6  lcd.o(.text)
    LCD_WR_DATA                              0x08000b13   Thumb Code     8  lcd.o(.text)
    LCD_RD_DATA                              0x08000b1b   Thumb Code    16  lcd.o(.text)
    LCD_WriteReg                             0x08000b2b   Thumb Code    10  lcd.o(.text)
    LCD_ReadReg                              0x08000b35   Thumb Code    22  lcd.o(.text)
    LCD_WriteRAM_Prepare                     0x08000b4b   Thumb Code    10  lcd.o(.text)
    LCD_WriteRAM                             0x08000b55   Thumb Code     8  lcd.o(.text)
    LCD_BGR2RGB                              0x08000b5d   Thumb Code    26  lcd.o(.text)
    opt_delay                                0x08000b77   Thumb Code    14  lcd.o(.text)
    LCD_SetCursor                            0x08000b85   Thumb Code   418  lcd.o(.text)
    LCD_ReadPoint                            0x08000d27   Thumb Code   360  lcd.o(.text)
    LCD_DisplayOn                            0x08000e8f   Thumb Code   102  lcd.o(.text)
    LCD_DisplayOff                           0x08000ef5   Thumb Code    90  lcd.o(.text)
    LCD_Scan_Dir                             0x08000f4f   Thumb Code   744  lcd.o(.text)
    LCD_DrawPoint                            0x08001237   Thumb Code    28  lcd.o(.text)
    LCD_Fast_DrawPoint                       0x08001253   Thumb Code   384  lcd.o(.text)
    LCD_SSD_BackLightSet                     0x080013d3   Thumb Code    80  lcd.o(.text)
    LCD_Display_Dir                          0x08001423   Thumb Code   444  lcd.o(.text)
    LCD_Set_Window                           0x080015df   Thumb Code   540  lcd.o(.text)
    LCD_Clear                                0x080017fb   Thumb Code   100  lcd.o(.text)
    LCD_Init                                 0x0800185f   Thumb Code 14190  lcd.o(.text)
    LCD_Fill                                 0x08004fcd   Thumb Code   178  lcd.o(.text)
    LCD_Color_Fill                           0x0800507f   Thumb Code   106  lcd.o(.text)
    LCD_DrawLine                             0x080050e9   Thumb Code   176  lcd.o(.text)
    LCD_DrawRectangle                        0x08005199   Thumb Code    60  lcd.o(.text)
    LCD_Draw_Circle                          0x080051d5   Thumb Code   152  lcd.o(.text)
    LCD_ShowChar                             0x0800526d   Thumb Code   272  lcd.o(.text)
    LCD_Pow                                  0x0800537d   Thumb Code    22  lcd.o(.text)
    LCD_ShowNum                              0x08005393   Thumb Code   148  lcd.o(.text)
    LCD_ShowxNum                             0x08005427   Thumb Code   220  lcd.o(.text)
    LCD_ShowString                           0x08005503   Thumb Code   102  lcd.o(.text)
    TIM7_IRQHandler                          0x08005569   Thumb Code    42  timer.o(.text)
    TIM7_Int_Init                            0x08005593   Thumb Code     2  timer.o(.text)
    TIM4_IRQHandler                          0x08005595   Thumb Code    42  timer.o(.text)
    TIM4_Int_Init                            0x080055bf   Thumb Code    90  timer.o(.text)
    USART3_IRQHandler                        0x08005625   Thumb Code    94  usart3.o(.text)
    usart3_init                              0x08005683   Thumb Code   190  usart3.o(.text)
    u3_printf                                0x08005741   Thumb Code    72  usart3.o(.text)
    NMEA_Comma_Pos                           0x080057a1   Thumb Code    50  gps.o(.text)
    NMEA_Pow                                 0x080057d3   Thumb Code    22  gps.o(.text)
    NMEA_Str2num                             0x080057e9   Thumb Code   234  gps.o(.text)
    NMEA_GPGSV_Analysis                      0x080058d3   Thumb Code   290  gps.o(.text)
    NMEA_GPGGA_Analysis                      0x080059f5   Thumb Code    70  gps.o(.text)
    NMEA_GPGSA_Analysis                      0x08005a3b   Thumb Code   176  gps.o(.text)
    NMEA_GPRMC_Analysis                      0x08005aeb   Thumb Code   630  gps.o(.text)
    NMEA_GPVTG_Analysis                      0x08005d61   Thumb Code    78  gps.o(.text)
    GPS_Analysis                             0x08005daf   Thumb Code    44  gps.o(.text)
    Ublox_CheckSum                           0x08005ddb   Thumb Code    40  gps.o(.text)
    Ublox_Cfg_Ack_Check                      0x08005e03   Thumb Code   104  gps.o(.text)
    Ublox_Send_Date                          0x08005e6b   Thumb Code    42  gps.o(.text)
    Ublox_Cfg_Cfg_Save                       0x08005e95   Thumb Code   100  gps.o(.text)
    Ublox_Cfg_Msg                            0x08005ef9   Thumb Code    72  gps.o(.text)
    Ublox_Cfg_Prt                            0x08005f41   Thumb Code    94  gps.o(.text)
    Ublox_Cfg_Tp                             0x08005f9f   Thumb Code    90  gps.o(.text)
    Ublox_Cfg_Rate                           0x08005ff9   Thumb Code    68  gps.o(.text)
    delay_init                               0x08006059   Thumb Code    50  delay.o(.text)
    delay_us                                 0x0800608b   Thumb Code    72  delay.o(.text)
    delay_ms                                 0x080060d3   Thumb Code    72  delay.o(.text)
    _sys_exit                                0x0800612d   Thumb Code     6  usart.o(.text)
    fputc                                    0x08006133   Thumb Code    24  usart.o(.text)
    uart_init                                0x0800614b   Thumb Code   158  usart.o(.text)
    USART1_IRQHandler                        0x080061e9   Thumb Code   122  usart.o(.text)
    Reset_Handler                            0x08006275   Thumb Code     8  startup_stm32f10x_md.o(.text)
    ADC1_2_IRQHandler                        0x0800628f   Thumb Code     0  startup_stm32f10x_md.o(.text)
    CAN1_RX1_IRQHandler                      0x0800628f   Thumb Code     0  startup_stm32f10x_md.o(.text)
    CAN1_SCE_IRQHandler                      0x0800628f   Thumb Code     0  startup_stm32f10x_md.o(.text)
    DMA1_Channel1_IRQHandler                 0x0800628f   Thumb Code     0  startup_stm32f10x_md.o(.text)
    DMA1_Channel2_IRQHandler                 0x0800628f   Thumb Code     0  startup_stm32f10x_md.o(.text)
    DMA1_Channel3_IRQHandler                 0x0800628f   Thumb Code     0  startup_stm32f10x_md.o(.text)
    DMA1_Channel4_IRQHandler                 0x0800628f   Thumb Code     0  startup_stm32f10x_md.o(.text)
    DMA1_Channel5_IRQHandler                 0x0800628f   Thumb Code     0  startup_stm32f10x_md.o(.text)
    DMA1_Channel6_IRQHandler                 0x0800628f   Thumb Code     0  startup_stm32f10x_md.o(.text)
    DMA1_Channel7_IRQHandler                 0x0800628f   Thumb Code     0  startup_stm32f10x_md.o(.text)
    EXTI0_IRQHandler                         0x0800628f   Thumb Code     0  startup_stm32f10x_md.o(.text)
    EXTI15_10_IRQHandler                     0x0800628f   Thumb Code     0  startup_stm32f10x_md.o(.text)
    EXTI1_IRQHandler                         0x0800628f   Thumb Code     0  startup_stm32f10x_md.o(.text)
    EXTI2_IRQHandler                         0x0800628f   Thumb Code     0  startup_stm32f10x_md.o(.text)
    EXTI3_IRQHandler                         0x0800628f   Thumb Code     0  startup_stm32f10x_md.o(.text)
    EXTI4_IRQHandler                         0x0800628f   Thumb Code     0  startup_stm32f10x_md.o(.text)
    EXTI9_5_IRQHandler                       0x0800628f   Thumb Code     0  startup_stm32f10x_md.o(.text)
    FLASH_IRQHandler                         0x0800628f   Thumb Code     0  startup_stm32f10x_md.o(.text)
    I2C1_ER_IRQHandler                       0x0800628f   Thumb Code     0  startup_stm32f10x_md.o(.text)
    I2C1_EV_IRQHandler                       0x0800628f   Thumb Code     0  startup_stm32f10x_md.o(.text)
    I2C2_ER_IRQHandler                       0x0800628f   Thumb Code     0  startup_stm32f10x_md.o(.text)
    I2C2_EV_IRQHandler                       0x0800628f   Thumb Code     0  startup_stm32f10x_md.o(.text)
    PVD_IRQHandler                           0x0800628f   Thumb Code     0  startup_stm32f10x_md.o(.text)
    RCC_IRQHandler                           0x0800628f   Thumb Code     0  startup_stm32f10x_md.o(.text)
    RTCAlarm_IRQHandler                      0x0800628f   Thumb Code     0  startup_stm32f10x_md.o(.text)
    RTC_IRQHandler                           0x0800628f   Thumb Code     0  startup_stm32f10x_md.o(.text)
    SPI1_IRQHandler                          0x0800628f   Thumb Code     0  startup_stm32f10x_md.o(.text)
    SPI2_IRQHandler                          0x0800628f   Thumb Code     0  startup_stm32f10x_md.o(.text)
    TAMPER_IRQHandler                        0x0800628f   Thumb Code     0  startup_stm32f10x_md.o(.text)
    TIM1_BRK_IRQHandler                      0x0800628f   Thumb Code     0  startup_stm32f10x_md.o(.text)
    TIM1_CC_IRQHandler                       0x0800628f   Thumb Code     0  startup_stm32f10x_md.o(.text)
    TIM1_TRG_COM_IRQHandler                  0x0800628f   Thumb Code     0  startup_stm32f10x_md.o(.text)
    TIM1_UP_IRQHandler                       0x0800628f   Thumb Code     0  startup_stm32f10x_md.o(.text)
    TIM2_IRQHandler                          0x0800628f   Thumb Code     0  startup_stm32f10x_md.o(.text)
    TIM3_IRQHandler                          0x0800628f   Thumb Code     0  startup_stm32f10x_md.o(.text)
    USART2_IRQHandler                        0x0800628f   Thumb Code     0  startup_stm32f10x_md.o(.text)
    USBWakeUp_IRQHandler                     0x0800628f   Thumb Code     0  startup_stm32f10x_md.o(.text)
    USB_HP_CAN1_TX_IRQHandler                0x0800628f   Thumb Code     0  startup_stm32f10x_md.o(.text)
    USB_LP_CAN1_RX0_IRQHandler               0x0800628f   Thumb Code     0  startup_stm32f10x_md.o(.text)
    WWDG_IRQHandler                          0x0800628f   Thumb Code     0  startup_stm32f10x_md.o(.text)
    __user_initial_stackheap                 0x08006291   Thumb Code     0  startup_stm32f10x_md.o(.text)
    NVIC_PriorityGroupConfig                 0x080062b5   Thumb Code    10  misc.o(.text)
    NVIC_Init                                0x080062bf   Thumb Code   100  misc.o(.text)
    NVIC_SetVectorTable                      0x08006323   Thumb Code    14  misc.o(.text)
    NVIC_SystemLPConfig                      0x08006331   Thumb Code    34  misc.o(.text)
    SysTick_CLKSourceConfig                  0x08006353   Thumb Code    40  misc.o(.text)
    FSMC_NORSRAMDeInit                       0x08006391   Thumb Code    54  stm32f10x_fsmc.o(.text)
    FSMC_NANDDeInit                          0x080063c7   Thumb Code    62  stm32f10x_fsmc.o(.text)
    FSMC_PCCARDDeInit                        0x08006405   Thumb Code    36  stm32f10x_fsmc.o(.text)
    FSMC_NORSRAMInit                         0x08006429   Thumb Code   230  stm32f10x_fsmc.o(.text)
    FSMC_NANDInit                            0x0800650f   Thumb Code   132  stm32f10x_fsmc.o(.text)
    FSMC_PCCARDInit                          0x08006593   Thumb Code   130  stm32f10x_fsmc.o(.text)
    FSMC_NORSRAMStructInit                   0x08006615   Thumb Code   114  stm32f10x_fsmc.o(.text)
    FSMC_NANDStructInit                      0x08006687   Thumb Code    54  stm32f10x_fsmc.o(.text)
    FSMC_PCCARDStructInit                    0x080066bd   Thumb Code    60  stm32f10x_fsmc.o(.text)
    FSMC_NORSRAMCmd                          0x080066f9   Thumb Code    46  stm32f10x_fsmc.o(.text)
    FSMC_NANDCmd                             0x08006727   Thumb Code    86  stm32f10x_fsmc.o(.text)
    FSMC_PCCARDCmd                           0x0800677d   Thumb Code    44  stm32f10x_fsmc.o(.text)
    FSMC_NANDECCCmd                          0x080067a9   Thumb Code    90  stm32f10x_fsmc.o(.text)
    FSMC_GetECC                              0x08006803   Thumb Code    24  stm32f10x_fsmc.o(.text)
    FSMC_ITConfig                            0x0800681b   Thumb Code   128  stm32f10x_fsmc.o(.text)
    FSMC_GetFlagStatus                       0x0800689b   Thumb Code    54  stm32f10x_fsmc.o(.text)
    FSMC_ClearFlag                           0x080068d1   Thumb Code    62  stm32f10x_fsmc.o(.text)
    FSMC_GetITStatus                         0x0800690f   Thumb Code    64  stm32f10x_fsmc.o(.text)
    FSMC_ClearITPendingBit                   0x0800694f   Thumb Code    68  stm32f10x_fsmc.o(.text)
    GPIO_DeInit                              0x0800699d   Thumb Code   172  stm32f10x_gpio.o(.text)
    GPIO_AFIODeInit                          0x08006a49   Thumb Code    20  stm32f10x_gpio.o(.text)
    GPIO_Init                                0x08006a5d   Thumb Code   278  stm32f10x_gpio.o(.text)
    GPIO_StructInit                          0x08006b73   Thumb Code    16  stm32f10x_gpio.o(.text)
    GPIO_ReadInputDataBit                    0x08006b83   Thumb Code    18  stm32f10x_gpio.o(.text)
    GPIO_ReadInputData                       0x08006b95   Thumb Code     8  stm32f10x_gpio.o(.text)
    GPIO_ReadOutputDataBit                   0x08006b9d   Thumb Code    18  stm32f10x_gpio.o(.text)
    GPIO_ReadOutputData                      0x08006baf   Thumb Code     8  stm32f10x_gpio.o(.text)
    GPIO_SetBits                             0x08006bb7   Thumb Code     4  stm32f10x_gpio.o(.text)
    GPIO_ResetBits                           0x08006bbb   Thumb Code     4  stm32f10x_gpio.o(.text)
    GPIO_WriteBit                            0x08006bbf   Thumb Code    10  stm32f10x_gpio.o(.text)
    GPIO_Write                               0x08006bc9   Thumb Code     4  stm32f10x_gpio.o(.text)
    GPIO_PinLockConfig                       0x08006bcd   Thumb Code    18  stm32f10x_gpio.o(.text)
    GPIO_EventOutputConfig                   0x08006bdf   Thumb Code    26  stm32f10x_gpio.o(.text)
    GPIO_EventOutputCmd                      0x08006bf9   Thumb Code     6  stm32f10x_gpio.o(.text)
    GPIO_PinRemapConfig                      0x08006bff   Thumb Code   138  stm32f10x_gpio.o(.text)
    GPIO_EXTILineConfig                      0x08006c89   Thumb Code    66  stm32f10x_gpio.o(.text)
    GPIO_ETH_MediaInterfaceConfig            0x08006ccb   Thumb Code     8  stm32f10x_gpio.o(.text)
    RCC_DeInit                               0x08006cf9   Thumb Code    64  stm32f10x_rcc.o(.text)
    RCC_HSEConfig                            0x08006d39   Thumb Code    70  stm32f10x_rcc.o(.text)
    RCC_GetFlagStatus                        0x08006d7f   Thumb Code    56  stm32f10x_rcc.o(.text)
    RCC_WaitForHSEStartUp                    0x08006db7   Thumb Code    56  stm32f10x_rcc.o(.text)
    RCC_AdjustHSICalibrationValue            0x08006def   Thumb Code    20  stm32f10x_rcc.o(.text)
    RCC_HSICmd                               0x08006e03   Thumb Code     6  stm32f10x_rcc.o(.text)
    RCC_PLLConfig                            0x08006e09   Thumb Code    24  stm32f10x_rcc.o(.text)
    RCC_PLLCmd                               0x08006e21   Thumb Code     6  stm32f10x_rcc.o(.text)
    RCC_SYSCLKConfig                         0x08006e27   Thumb Code    18  stm32f10x_rcc.o(.text)
    RCC_GetSYSCLKSource                      0x08006e39   Thumb Code    10  stm32f10x_rcc.o(.text)
    RCC_HCLKConfig                           0x08006e43   Thumb Code    18  stm32f10x_rcc.o(.text)
    RCC_PCLK1Config                          0x08006e55   Thumb Code    18  stm32f10x_rcc.o(.text)
    RCC_PCLK2Config                          0x08006e67   Thumb Code    20  stm32f10x_rcc.o(.text)
    RCC_ITConfig                             0x08006e7b   Thumb Code    26  stm32f10x_rcc.o(.text)
    RCC_USBCLKConfig                         0x08006e95   Thumb Code     8  stm32f10x_rcc.o(.text)
    RCC_ADCCLKConfig                         0x08006e9d   Thumb Code    18  stm32f10x_rcc.o(.text)
    RCC_LSEConfig                            0x08006eaf   Thumb Code    50  stm32f10x_rcc.o(.text)
    RCC_LSICmd                               0x08006ee1   Thumb Code     6  stm32f10x_rcc.o(.text)
    RCC_RTCCLKConfig                         0x08006ee7   Thumb Code    12  stm32f10x_rcc.o(.text)
    RCC_RTCCLKCmd                            0x08006ef3   Thumb Code     8  stm32f10x_rcc.o(.text)
    RCC_GetClocksFreq                        0x08006efb   Thumb Code   192  stm32f10x_rcc.o(.text)
    RCC_AHBPeriphClockCmd                    0x08006fbb   Thumb Code    26  stm32f10x_rcc.o(.text)
    RCC_APB2PeriphClockCmd                   0x08006fd5   Thumb Code    26  stm32f10x_rcc.o(.text)
    RCC_APB1PeriphClockCmd                   0x08006fef   Thumb Code    26  stm32f10x_rcc.o(.text)
    RCC_APB2PeriphResetCmd                   0x08007009   Thumb Code    26  stm32f10x_rcc.o(.text)
    RCC_APB1PeriphResetCmd                   0x08007023   Thumb Code    26  stm32f10x_rcc.o(.text)
    RCC_BackupResetCmd                       0x0800703d   Thumb Code     8  stm32f10x_rcc.o(.text)
    RCC_ClockSecuritySystemCmd               0x08007045   Thumb Code     6  stm32f10x_rcc.o(.text)
    RCC_MCOConfig                            0x0800704b   Thumb Code     6  stm32f10x_rcc.o(.text)
    RCC_ClearFlag                            0x08007051   Thumb Code    14  stm32f10x_rcc.o(.text)
    RCC_GetITStatus                          0x0800705f   Thumb Code    20  stm32f10x_rcc.o(.text)
    RCC_ClearITPendingBit                    0x08007073   Thumb Code     6  stm32f10x_rcc.o(.text)
    USART_DeInit                             0x0800709d   Thumb Code   134  stm32f10x_usart.o(.text)
    USART_Init                               0x08007123   Thumb Code   210  stm32f10x_usart.o(.text)
    USART_StructInit                         0x080071f5   Thumb Code    24  stm32f10x_usart.o(.text)
    USART_ClockInit                          0x0800720d   Thumb Code    34  stm32f10x_usart.o(.text)
    USART_ClockStructInit                    0x0800722f   Thumb Code    12  stm32f10x_usart.o(.text)
    USART_Cmd                                0x0800723b   Thumb Code    24  stm32f10x_usart.o(.text)
    USART_ITConfig                           0x08007253   Thumb Code    74  stm32f10x_usart.o(.text)
    USART_DMACmd                             0x0800729d   Thumb Code    18  stm32f10x_usart.o(.text)
    USART_SetAddress                         0x080072af   Thumb Code    18  stm32f10x_usart.o(.text)
    USART_WakeUpConfig                       0x080072c1   Thumb Code    18  stm32f10x_usart.o(.text)
    USART_ReceiverWakeUpCmd                  0x080072d3   Thumb Code    24  stm32f10x_usart.o(.text)
    USART_LINBreakDetectLengthConfig         0x080072eb   Thumb Code    18  stm32f10x_usart.o(.text)
    USART_LINCmd                             0x080072fd   Thumb Code    24  stm32f10x_usart.o(.text)
    USART_SendData                           0x08007315   Thumb Code     8  stm32f10x_usart.o(.text)
    USART_ReceiveData                        0x0800731d   Thumb Code    10  stm32f10x_usart.o(.text)
    USART_SendBreak                          0x08007327   Thumb Code    10  stm32f10x_usart.o(.text)
    USART_SetGuardTime                       0x08007331   Thumb Code    16  stm32f10x_usart.o(.text)
    USART_SetPrescaler                       0x08007341   Thumb Code    16  stm32f10x_usart.o(.text)
    USART_SmartCardCmd                       0x08007351   Thumb Code    24  stm32f10x_usart.o(.text)
    USART_SmartCardNACKCmd                   0x08007369   Thumb Code    24  stm32f10x_usart.o(.text)
    USART_HalfDuplexCmd                      0x08007381   Thumb Code    24  stm32f10x_usart.o(.text)
    USART_OverSampling8Cmd                   0x08007399   Thumb Code    22  stm32f10x_usart.o(.text)
    USART_OneBitMethodCmd                    0x080073af   Thumb Code    24  stm32f10x_usart.o(.text)
    USART_IrDAConfig                         0x080073c7   Thumb Code    18  stm32f10x_usart.o(.text)
    USART_IrDACmd                            0x080073d9   Thumb Code    24  stm32f10x_usart.o(.text)
    USART_GetFlagStatus                      0x080073f1   Thumb Code    26  stm32f10x_usart.o(.text)
    USART_ClearFlag                          0x0800740b   Thumb Code    18  stm32f10x_usart.o(.text)
    USART_GetITStatus                        0x0800741d   Thumb Code    84  stm32f10x_usart.o(.text)
    USART_ClearITPendingBit                  0x08007471   Thumb Code    52  stm32f10x_usart.o(.text)
    TIM_DeInit                               0x080074a5   Thumb Code   424  stm32f10x_tim.o(.text)
    TIM_TimeBaseInit                         0x0800764d   Thumb Code   122  stm32f10x_tim.o(.text)
    TIM_OC1Init                              0x080076c7   Thumb Code   132  stm32f10x_tim.o(.text)
    TIM_OC2Init                              0x0800774b   Thumb Code   154  stm32f10x_tim.o(.text)
    TIM_OC3Init                              0x080077e5   Thumb Code   150  stm32f10x_tim.o(.text)
    TIM_OC4Init                              0x0800787b   Thumb Code   182  stm32f10x_tim.o(.text)
    TIM_SetIC4Prescaler                      0x08007931   Thumb Code    26  stm32f10x_tim.o(.text)
    TIM_SetIC3Prescaler                      0x080079cd   Thumb Code    18  stm32f10x_tim.o(.text)
    TIM_SetIC2Prescaler                      0x08007a59   Thumb Code    26  stm32f10x_tim.o(.text)
    TIM_SetIC1Prescaler                      0x08007af5   Thumb Code    18  stm32f10x_tim.o(.text)
    TIM_ICInit                               0x08007b73   Thumb Code   150  stm32f10x_tim.o(.text)
    TIM_PWMIConfig                           0x08007c09   Thumb Code   124  stm32f10x_tim.o(.text)
    TIM_BDTRConfig                           0x08007c85   Thumb Code    32  stm32f10x_tim.o(.text)
    TIM_TimeBaseStructInit                   0x08007ca5   Thumb Code    18  stm32f10x_tim.o(.text)
    TIM_OCStructInit                         0x08007cb7   Thumb Code    20  stm32f10x_tim.o(.text)
    TIM_ICStructInit                         0x08007ccb   Thumb Code    18  stm32f10x_tim.o(.text)
    TIM_BDTRStructInit                       0x08007cdd   Thumb Code    40  stm32f10x_tim.o(.text)
    TIM_Cmd                                  0x08007d05   Thumb Code    24  stm32f10x_tim.o(.text)
    TIM_CtrlPWMOutputs                       0x08007d1d   Thumb Code    30  stm32f10x_tim.o(.text)
    TIM_ITConfig                             0x08007d3b   Thumb Code    18  stm32f10x_tim.o(.text)
    TIM_GenerateEvent                        0x08007d4d   Thumb Code     4  stm32f10x_tim.o(.text)
    TIM_DMAConfig                            0x08007d51   Thumb Code    10  stm32f10x_tim.o(.text)
    TIM_DMACmd                               0x08007d5b   Thumb Code    18  stm32f10x_tim.o(.text)
    TIM_InternalClockConfig                  0x08007d6d   Thumb Code    12  stm32f10x_tim.o(.text)
    TIM_SelectInputTrigger                   0x08007d79   Thumb Code    18  stm32f10x_tim.o(.text)
    TIM_ITRxExternalClockConfig              0x08007d8b   Thumb Code    24  stm32f10x_tim.o(.text)
    TIM_TIxExternalClockConfig               0x08007da3   Thumb Code    62  stm32f10x_tim.o(.text)
    TIM_ETRConfig                            0x08007de1   Thumb Code    28  stm32f10x_tim.o(.text)
    TIM_ETRClockMode1Config                  0x08007dfd   Thumb Code    54  stm32f10x_tim.o(.text)
    TIM_ETRClockMode2Config                  0x08007e33   Thumb Code    32  stm32f10x_tim.o(.text)
    TIM_PrescalerConfig                      0x08007e53   Thumb Code     6  stm32f10x_tim.o(.text)
    TIM_CounterModeConfig                    0x08007e59   Thumb Code    18  stm32f10x_tim.o(.text)
    TIM_EncoderInterfaceConfig               0x08007e6b   Thumb Code    66  stm32f10x_tim.o(.text)
    TIM_ForcedOC1Config                      0x08007ead   Thumb Code    18  stm32f10x_tim.o(.text)
    TIM_ForcedOC2Config                      0x08007ebf   Thumb Code    26  stm32f10x_tim.o(.text)
    TIM_ForcedOC3Config                      0x08007ed9   Thumb Code    18  stm32f10x_tim.o(.text)
    TIM_ForcedOC4Config                      0x08007eeb   Thumb Code    26  stm32f10x_tim.o(.text)
    TIM_ARRPreloadConfig                     0x08007f05   Thumb Code    24  stm32f10x_tim.o(.text)
    TIM_SelectCOM                            0x08007f1d   Thumb Code    24  stm32f10x_tim.o(.text)
    TIM_SelectCCDMA                          0x08007f35   Thumb Code    24  stm32f10x_tim.o(.text)
    TIM_CCPreloadControl                     0x08007f4d   Thumb Code    24  stm32f10x_tim.o(.text)
    TIM_OC1PreloadConfig                     0x08007f65   Thumb Code    18  stm32f10x_tim.o(.text)
    TIM_OC2PreloadConfig                     0x08007f77   Thumb Code    26  stm32f10x_tim.o(.text)
    TIM_OC3PreloadConfig                     0x08007f91   Thumb Code    18  stm32f10x_tim.o(.text)
    TIM_OC4PreloadConfig                     0x08007fa3   Thumb Code    26  stm32f10x_tim.o(.text)
    TIM_OC1FastConfig                        0x08007fbd   Thumb Code    18  stm32f10x_tim.o(.text)
    TIM_OC2FastConfig                        0x08007fcf   Thumb Code    26  stm32f10x_tim.o(.text)
    TIM_OC3FastConfig                        0x08007fe9   Thumb Code    18  stm32f10x_tim.o(.text)
    TIM_OC4FastConfig                        0x08007ffb   Thumb Code    26  stm32f10x_tim.o(.text)
    TIM_ClearOC1Ref                          0x08008015   Thumb Code    18  stm32f10x_tim.o(.text)
    TIM_ClearOC2Ref                          0x08008027   Thumb Code    24  stm32f10x_tim.o(.text)
    TIM_ClearOC3Ref                          0x0800803f   Thumb Code    18  stm32f10x_tim.o(.text)
    TIM_ClearOC4Ref                          0x08008051   Thumb Code    24  stm32f10x_tim.o(.text)
    TIM_OC1PolarityConfig                    0x08008069   Thumb Code    18  stm32f10x_tim.o(.text)
    TIM_OC1NPolarityConfig                   0x0800807b   Thumb Code    18  stm32f10x_tim.o(.text)
    TIM_OC2PolarityConfig                    0x0800808d   Thumb Code    26  stm32f10x_tim.o(.text)
    TIM_OC2NPolarityConfig                   0x080080a7   Thumb Code    26  stm32f10x_tim.o(.text)
    TIM_OC3PolarityConfig                    0x080080c1   Thumb Code    26  stm32f10x_tim.o(.text)
    TIM_OC3NPolarityConfig                   0x080080db   Thumb Code    26  stm32f10x_tim.o(.text)
    TIM_OC4PolarityConfig                    0x080080f5   Thumb Code    26  stm32f10x_tim.o(.text)
    TIM_CCxCmd                               0x0800810f   Thumb Code    30  stm32f10x_tim.o(.text)
    TIM_CCxNCmd                              0x0800812d   Thumb Code    30  stm32f10x_tim.o(.text)
    TIM_SelectOCxM                           0x0800814b   Thumb Code    82  stm32f10x_tim.o(.text)
    TIM_UpdateDisableConfig                  0x0800819d   Thumb Code    24  stm32f10x_tim.o(.text)
    TIM_UpdateRequestConfig                  0x080081b5   Thumb Code    24  stm32f10x_tim.o(.text)
    TIM_SelectHallSensor                     0x080081cd   Thumb Code    24  stm32f10x_tim.o(.text)
    TIM_SelectOnePulseMode                   0x080081e5   Thumb Code    18  stm32f10x_tim.o(.text)
    TIM_SelectOutputTrigger                  0x080081f7   Thumb Code    18  stm32f10x_tim.o(.text)
    TIM_SelectSlaveMode                      0x08008209   Thumb Code    18  stm32f10x_tim.o(.text)
    TIM_SelectMasterSlaveMode                0x0800821b   Thumb Code    18  stm32f10x_tim.o(.text)
    TIM_SetCounter                           0x0800822d   Thumb Code     4  stm32f10x_tim.o(.text)
    TIM_SetAutoreload                        0x08008231   Thumb Code     4  stm32f10x_tim.o(.text)
    TIM_SetCompare1                          0x08008235   Thumb Code     4  stm32f10x_tim.o(.text)
    TIM_SetCompare2                          0x08008239   Thumb Code     4  stm32f10x_tim.o(.text)
    TIM_SetCompare3                          0x0800823d   Thumb Code     4  stm32f10x_tim.o(.text)
    TIM_SetCompare4                          0x08008241   Thumb Code     6  stm32f10x_tim.o(.text)
    TIM_SetClockDivision                     0x08008247   Thumb Code    18  stm32f10x_tim.o(.text)
    TIM_GetCapture1                          0x08008259   Thumb Code     6  stm32f10x_tim.o(.text)
    TIM_GetCapture2                          0x0800825f   Thumb Code     6  stm32f10x_tim.o(.text)
    TIM_GetCapture3                          0x08008265   Thumb Code     6  stm32f10x_tim.o(.text)
    TIM_GetCapture4                          0x0800826b   Thumb Code     8  stm32f10x_tim.o(.text)
    TIM_GetCounter                           0x08008273   Thumb Code     6  stm32f10x_tim.o(.text)
    TIM_GetPrescaler                         0x08008279   Thumb Code     6  stm32f10x_tim.o(.text)
    TIM_GetFlagStatus                        0x0800827f   Thumb Code    18  stm32f10x_tim.o(.text)
    TIM_ClearFlag                            0x08008291   Thumb Code     6  stm32f10x_tim.o(.text)
    TIM_GetITStatus                          0x08008297   Thumb Code    34  stm32f10x_tim.o(.text)
    TIM_ClearITPendingBit                    0x080082b9   Thumb Code     6  stm32f10x_tim.o(.text)
    __use_no_semihosting                     0x080082bf   Thumb Code     2  use_no_semi_2.o(.text)
    __c89vsprintf                            0x080082c1   Thumb Code    32  c89vsprintf.o(.text)
    __2printf                                0x080082e5   Thumb Code    20  __2printf.o(.text)
    __2sprintf                               0x080082fd   Thumb Code    38  __2sprintf.o(.text)
    _printf_pre_padding                      0x08008329   Thumb Code    44  _printf_pad.o(.text)
    _printf_post_padding                     0x08008355   Thumb Code    34  _printf_pad.o(.text)
    _printf_str                              0x08008377   Thumb Code    82  _printf_str.o(.text)
    _printf_int_dec                          0x080083c9   Thumb Code   104  _printf_dec.o(.text)
    _printf_longlong_hex                     0x08008441   Thumb Code    86  _printf_hex_int_ll_ptr.o(.text)
    _printf_int_hex                          0x08008497   Thumb Code    28  _printf_hex_int_ll_ptr.o(.text)
    _printf_ll_hex                           0x080084b3   Thumb Code    12  _printf_hex_int_ll_ptr.o(.text)
    _printf_hex_ptr                          0x080084bf   Thumb Code    18  _printf_hex_int_ll_ptr.o(.text)
    __printf                                 0x080084d5   Thumb Code   388  __printf_flags_ss_wp.o(.text)
    strstr                                   0x0800865d   Thumb Code    36  strstr.o(.text)
    strlen                                   0x08008681   Thumb Code    62  strlen.o(.text)
    __use_two_region_memory                  0x080086bf   Thumb Code     2  heapauxi.o(.text)
    __rt_heap_escrow$2region                 0x080086c1   Thumb Code     2  heapauxi.o(.text)
    __rt_heap_expand$2region                 0x080086c3   Thumb Code     2  heapauxi.o(.text)
    __I$use$semihosting                      0x080086c5   Thumb Code     0  use_no_semi.o(.text)
    __use_no_semihosting_swi                 0x080086c5   Thumb Code     2  use_no_semi.o(.text)
    _printf_truncate_signed                  0x080086c7   Thumb Code    18  _printf_truncate.o(.text)
    _printf_truncate_unsigned                0x080086d9   Thumb Code    18  _printf_truncate.o(.text)
    _printf_int_common                       0x080086eb   Thumb Code   178  _printf_intcommon.o(.text)
    _printf_charcount                        0x0800879d   Thumb Code    40  _printf_charcount.o(.text)
    __lib_sel_fp_printf                      0x080087c5   Thumb Code     2  _printf_fp_dec.o(.text)
    _printf_fp_dec_real                      0x08008973   Thumb Code   620  _printf_fp_dec.o(.text)
    _printf_char_common                      0x08008beb   Thumb Code    32  _printf_char_common.o(.text)
    _sputc                                   0x08008c11   Thumb Code    10  _sputc.o(.text)
    _printf_cs_common                        0x08008c1b   Thumb Code    20  _printf_char.o(.text)
    _printf_char                             0x08008c2f   Thumb Code    16  _printf_char.o(.text)
    _printf_string                           0x08008c3f   Thumb Code     8  _printf_char.o(.text)
    _printf_char_file                        0x08008c49   Thumb Code    32  _printf_char_file.o(.text)
    _printf_wctomb                           0x08008c6d   Thumb Code   182  _printf_wctomb.o(.text)
    _printf_longlong_dec                     0x08008d29   Thumb Code   108  _printf_longlong_dec.o(.text)
    _printf_longlong_oct                     0x08008da5   Thumb Code    68  _printf_oct_int_ll.o(.text)
    _printf_int_oct                          0x08008de9   Thumb Code    24  _printf_oct_int_ll.o(.text)
    _printf_ll_oct                           0x08008e01   Thumb Code    12  _printf_oct_int_ll.o(.text)
    __rt_locale                              0x08008e15   Thumb Code     8  rt_locale_intlibspace.o(.text)
    _ll_udiv10                               0x08008e1d   Thumb Code   138  lludiv10.o(.text)
    _printf_fp_infnan                        0x08008ea9   Thumb Code   112  _printf_fp_infnan.o(.text)
    _printf_lcs_common                       0x08008f29   Thumb Code    20  _printf_wchar.o(.text)
    _printf_wchar                            0x08008f3d   Thumb Code    16  _printf_wchar.o(.text)
    _printf_wstring                          0x08008f4d   Thumb Code     8  _printf_wchar.o(.text)
    _btod_etento                             0x08008f55   Thumb Code   216  bigflt0.o(.text)
    ferror                                   0x08009031   Thumb Code     8  ferror.o(.text)
    _wcrtomb                                 0x08009039   Thumb Code    64  _wcrtomb.o(.text)
    __user_libspace                          0x08009079   Thumb Code     8  libspace.o(.text)
    __user_perproc_libspace                  0x08009079   Thumb Code     0  libspace.o(.text)
    __user_perthread_libspace                0x08009079   Thumb Code     0  libspace.o(.text)
    __user_setup_stackheap                   0x08009081   Thumb Code    74  sys_stackheap_outer.o(.text)
    __rt_ctype_table                         0x080090cd   Thumb Code    16  rt_ctype_table.o(.text)
    exit                                     0x080090dd   Thumb Code    12  exit.o(.text)
    strcmp                                   0x080090e9   Thumb Code   128  strcmpv7m.o(.text)
    _btod_d2e                                0x08009169   Thumb Code    62  btod.o(CL$$btod_d2e)
    _d2e_denorm_low                          0x080091a7   Thumb Code    70  btod.o(CL$$btod_d2e_denorm_low)
    _d2e_norm_op1                            0x080091ed   Thumb Code    96  btod.o(CL$$btod_d2e_norm_op1)
    __btod_div_common                        0x0800924d   Thumb Code   696  btod.o(CL$$btod_div_common)
    _e2e                                     0x08009585   Thumb Code   198  btod.o(CL$$btod_e2e)
    _btod_ediv                               0x0800964b   Thumb Code    40  btod.o(CL$$btod_ediv)
    _btod_emul                               0x08009673   Thumb Code    40  btod.o(CL$$btod_emul)
    __btod_mult_common                       0x0800969b   Thumb Code   580  btod.o(CL$$btod_mult_common)
    __ARM_fpclassify                         0x080098df   Thumb Code    40  fpclassify.o(i.__ARM_fpclassify)
    _is_digit                                0x08009907   Thumb Code    14  __printf_wp.o(i._is_digit)
    _get_lc_numeric                          0x08009915   Thumb Code    44  lc_numeric_c.o(locale$$code)
    _get_lc_ctype                            0x08009941   Thumb Code    44  lc_ctype_c.o(locale$$code)
    __aeabi_d2uiz                            0x0800996d   Thumb Code     0  dfixu.o(x$fpl$dfixu)
    _dfixu                                   0x0800996d   Thumb Code    90  dfixu.o(x$fpl$dfixu)
    __aeabi_ui2d                             0x080099c7   Thumb Code     0  dflt_clz.o(x$fpl$dfltu)
    _dfltu                                   0x080099c7   Thumb Code    38  dflt_clz.o(x$fpl$dfltu)
    __aeabi_dmul                             0x080099ed   Thumb Code     0  dmul.o(x$fpl$dmul)
    _dmul                                    0x080099ed   Thumb Code   332  dmul.o(x$fpl$dmul)
    __fpl_dnaninf                            0x08009b41   Thumb Code   156  dnaninf.o(x$fpl$dnaninf)
    __fpl_dretinf                            0x08009bdd   Thumb Code    12  dretinf.o(x$fpl$dretinf)
    __aeabi_f2d                              0x08009be9   Thumb Code     0  f2d.o(x$fpl$f2d)
    _f2d                                     0x08009be9   Thumb Code    86  f2d.o(x$fpl$f2d)
    __aeabi_fadd                             0x08009c41   Thumb Code     0  faddsub_clz.o(x$fpl$fadd)
    _fadd                                    0x08009c41   Thumb Code   196  faddsub_clz.o(x$fpl$fadd)
    __aeabi_fdiv                             0x08009d05   Thumb Code     0  fdiv.o(x$fpl$fdiv)
    _fdiv                                    0x08009d05   Thumb Code   384  fdiv.o(x$fpl$fdiv)
    __aeabi_f2uiz                            0x08009e89   Thumb Code     0  ffixu.o(x$fpl$ffixu)
    _ffixu                                   0x08009e89   Thumb Code    62  ffixu.o(x$fpl$ffixu)
    __aeabi_i2f                              0x08009ec9   Thumb Code     0  fflt_clz.o(x$fpl$fflt)
    _fflt                                    0x08009ec9   Thumb Code    48  fflt_clz.o(x$fpl$fflt)
    __aeabi_ui2f                             0x08009ef9   Thumb Code     0  fflt_clz.o(x$fpl$ffltu)
    _ffltu                                   0x08009ef9   Thumb Code    38  fflt_clz.o(x$fpl$ffltu)
    __aeabi_fmul                             0x08009f21   Thumb Code     0  fmul.o(x$fpl$fmul)
    _fmul                                    0x08009f21   Thumb Code   258  fmul.o(x$fpl$fmul)
    __fpl_fnaninf                            0x0800a023   Thumb Code   140  fnaninf.o(x$fpl$fnaninf)
    __fpl_fretinf                            0x0800a0af   Thumb Code    10  fretinf.o(x$fpl$fretinf)
    __aeabi_fsub                             0x0800a0b9   Thumb Code     0  faddsub_clz.o(x$fpl$fsub)
    _fsub                                    0x0800a0b9   Thumb Code   234  faddsub_clz.o(x$fpl$fsub)
    _printf_fp_dec                           0x0800a1a3   Thumb Code     4  printf1.o(x$fpl$printf1)
    __I$use$fp                               0x0800a1a6   Number         0  usenofp.o(x$fpl$usenofp)
    asc2_1206                                0x0800a1a6   Data        1140  lcd.o(.constdata)
    asc2_1608                                0x0800a61a   Data        1520  lcd.o(.constdata)
    asc2_2412                                0x0800ac0a   Data        3420  lcd.o(.constdata)
    Region$$Table$$Base                      0x0800ba54   Number         0  anon$$obj.o(Region$$Table)
    Region$$Table$$Limit                     0x0800ba74   Number         0  anon$$obj.o(Region$$Table)
    __ctype                                  0x0800ba9d   Data           0  lc_ctype_c.o(locale$$data)
    fixmode_tbl                              0x20000000   Data          16  main.o(.data)
    SystemCoreClock                          0x20000010   Data           4  system_stm32f10x.o(.data)
    AHBPrescTable                            0x20000014   Data          16  system_stm32f10x.o(.data)
    POINT_COLOR                              0x20000026   Data           2  lcd.o(.data)
    BACK_COLOR                               0x20000028   Data           2  lcd.o(.data)
    USART3_RX_STA                            0x2000002a   Data           2  usart3.o(.data)
    SetTimeZone                              0x2000002c   Data          25  gps.o(.data)
    __stdout                                 0x2000004c   Data           4  usart.o(.data)
    USART_RX_STA                             0x20000050   Data           2  usart.o(.data)
    USART1_TX_BUF                            0x20000068   Data        2048  main.o(.bss)
    gpsx                                     0x20000868   Data         105  main.o(.bss)
    dtbuf                                    0x200008d4   Data          50  main.o(.bss)
    lcddev                                   0x20000906   Data          14  lcd.o(.bss)
    USART3_RX_BUF                            0x20000914   Data        2048  usart3.o(.bss)
    USART3_TX_BUF                            0x20001114   Data         600  usart3.o(.bss)
    USART_RX_BUF                             0x2000136c   Data         200  usart.o(.bss)
    __libspace_start                         0x20001434   Data          96  libspace.o(.bss)
    __temporary_stack_top$libspace           0x20001494   Data           0  libspace.o(.bss)



==============================================================================

Memory Map of the image

  Image Entry point : 0x080000ed

  Load Region LR_IROM1 (Base: 0x08000000, Size: 0x0000bc08, Max: 0x00010000, ABSOLUTE)

    Execution Region ER_IROM1 (Base: 0x08000000, Size: 0x0000bba0, Max: 0x00010000, ABSOLUTE)

    Base Addr    Size         Type   Attr      Idx    E Section Name        Object

    0x08000000   0x000000ec   Data   RO          332    RESET               startup_stm32f10x_md.o
    0x080000ec   0x00000008   Code   RO          498  * !!!main             c_w.l(__main.o)
    0x080000f4   0x00000034   Code   RO          802    !!!scatter          c_w.l(__scatter.o)
    0x08000128   0x0000001a   Code   RO          804    !!handler_copy      c_w.l(__scatter_copy.o)
    0x08000142   0x00000002   PAD
    0x08000144   0x0000001c   Code   RO          806    !!handler_zi        c_w.l(__scatter_zi.o)
    0x08000160   0x00000000   Code   RO          491    .ARM.Collect$$_printf_percent$$00000000  c_w.l(_printf_percent.o)
    0x08000160   0x00000006   Code   RO          568    .ARM.Collect$$_printf_percent$$00000001  c_w.l(_printf_n.o)
    0x08000166   0x00000006   Code   RO          569    .ARM.Collect$$_printf_percent$$00000002  c_w.l(_printf_p.o)
    0x0800016c   0x00000006   Code   RO          490    .ARM.Collect$$_printf_percent$$00000003  c_w.l(_printf_f.o)
    0x08000172   0x00000006   Code   RO          573    .ARM.Collect$$_printf_percent$$00000004  c_w.l(_printf_e.o)
    0x08000178   0x00000006   Code   RO          574    .ARM.Collect$$_printf_percent$$00000005  c_w.l(_printf_g.o)
    0x0800017e   0x00000006   Code   RO          575    .ARM.Collect$$_printf_percent$$00000006  c_w.l(_printf_a.o)
    0x08000184   0x0000000a   Code   RO          580    .ARM.Collect$$_printf_percent$$00000007  c_w.l(_printf_ll.o)
    0x0800018e   0x00000006   Code   RO          571    .ARM.Collect$$_printf_percent$$00000008  c_w.l(_printf_i.o)
    0x08000194   0x00000006   Code   RO          489    .ARM.Collect$$_printf_percent$$00000009  c_w.l(_printf_d.o)
    0x0800019a   0x00000006   Code   RO          572    .ARM.Collect$$_printf_percent$$0000000A  c_w.l(_printf_u.o)
    0x080001a0   0x00000006   Code   RO          570    .ARM.Collect$$_printf_percent$$0000000B  c_w.l(_printf_o.o)
    0x080001a6   0x00000006   Code   RO          488    .ARM.Collect$$_printf_percent$$0000000C  c_w.l(_printf_x.o)
    0x080001ac   0x00000006   Code   RO          577    .ARM.Collect$$_printf_percent$$0000000D  c_w.l(_printf_lli.o)
    0x080001b2   0x00000006   Code   RO          578    .ARM.Collect$$_printf_percent$$0000000E  c_w.l(_printf_lld.o)
    0x080001b8   0x00000006   Code   RO          579    .ARM.Collect$$_printf_percent$$0000000F  c_w.l(_printf_llu.o)
    0x080001be   0x00000006   Code   RO          584    .ARM.Collect$$_printf_percent$$00000010  c_w.l(_printf_llo.o)
    0x080001c4   0x00000006   Code   RO          585    .ARM.Collect$$_printf_percent$$00000011  c_w.l(_printf_llx.o)
    0x080001ca   0x0000000a   Code   RO          581    .ARM.Collect$$_printf_percent$$00000012  c_w.l(_printf_l.o)
    0x080001d4   0x00000006   Code   RO          486    .ARM.Collect$$_printf_percent$$00000013  c_w.l(_printf_c.o)
    0x080001da   0x00000006   Code   RO          487    .ARM.Collect$$_printf_percent$$00000014  c_w.l(_printf_s.o)
    0x080001e0   0x00000006   Code   RO          582    .ARM.Collect$$_printf_percent$$00000015  c_w.l(_printf_lc.o)
    0x080001e6   0x00000006   Code   RO          583    .ARM.Collect$$_printf_percent$$00000016  c_w.l(_printf_ls.o)
    0x080001ec   0x00000004   Code   RO          576    .ARM.Collect$$_printf_percent$$00000017  c_w.l(_printf_percent_end.o)
    0x080001f0   0x00000002   Code   RO          677    .ARM.Collect$$libinit$$00000000  c_w.l(libinit.o)
    0x080001f2   0x00000000   Code   RO          679    .ARM.Collect$$libinit$$00000002  c_w.l(libinit2.o)
    0x080001f2   0x00000000   Code   RO          681    .ARM.Collect$$libinit$$00000004  c_w.l(libinit2.o)
    0x080001f2   0x00000000   Code   RO          684    .ARM.Collect$$libinit$$0000000A  c_w.l(libinit2.o)
    0x080001f2   0x00000000   Code   RO          686    .ARM.Collect$$libinit$$0000000C  c_w.l(libinit2.o)
    0x080001f2   0x00000000   Code   RO          688    .ARM.Collect$$libinit$$0000000E  c_w.l(libinit2.o)
    0x080001f2   0x00000006   Code   RO          689    .ARM.Collect$$libinit$$0000000F  c_w.l(libinit2.o)
    0x080001f8   0x00000000   Code   RO          691    .ARM.Collect$$libinit$$00000011  c_w.l(libinit2.o)
    0x080001f8   0x0000000c   Code   RO          692    .ARM.Collect$$libinit$$00000012  c_w.l(libinit2.o)
    0x08000204   0x00000000   Code   RO          693    .ARM.Collect$$libinit$$00000013  c_w.l(libinit2.o)
    0x08000204   0x00000000   Code   RO          695    .ARM.Collect$$libinit$$00000015  c_w.l(libinit2.o)
    0x08000204   0x0000000a   Code   RO          696    .ARM.Collect$$libinit$$00000016  c_w.l(libinit2.o)
    0x0800020e   0x00000000   Code   RO          697    .ARM.Collect$$libinit$$00000017  c_w.l(libinit2.o)
    0x0800020e   0x00000000   Code   RO          699    .ARM.Collect$$libinit$$00000019  c_w.l(libinit2.o)
    0x0800020e   0x00000000   Code   RO          701    .ARM.Collect$$libinit$$0000001B  c_w.l(libinit2.o)
    0x0800020e   0x00000000   Code   RO          703    .ARM.Collect$$libinit$$0000001D  c_w.l(libinit2.o)
    0x0800020e   0x00000000   Code   RO          705    .ARM.Collect$$libinit$$0000001F  c_w.l(libinit2.o)
    0x0800020e   0x00000000   Code   RO          707    .ARM.Collect$$libinit$$00000021  c_w.l(libinit2.o)
    0x0800020e   0x00000000   Code   RO          709    .ARM.Collect$$libinit$$00000023  c_w.l(libinit2.o)
    0x0800020e   0x00000000   Code   RO          711    .ARM.Collect$$libinit$$00000025  c_w.l(libinit2.o)
    0x0800020e   0x00000000   Code   RO          715    .ARM.Collect$$libinit$$0000002C  c_w.l(libinit2.o)
    0x0800020e   0x00000000   Code   RO          717    .ARM.Collect$$libinit$$0000002E  c_w.l(libinit2.o)
    0x0800020e   0x00000000   Code   RO          719    .ARM.Collect$$libinit$$00000030  c_w.l(libinit2.o)
    0x0800020e   0x00000000   Code   RO          721    .ARM.Collect$$libinit$$00000032  c_w.l(libinit2.o)
    0x0800020e   0x00000002   Code   RO          722    .ARM.Collect$$libinit$$00000033  c_w.l(libinit2.o)
    0x08000210   0x00000002   Code   RO          753    .ARM.Collect$$libshutdown$$00000000  c_w.l(libshutdown.o)
    0x08000212   0x00000000   Code   RO          763    .ARM.Collect$$libshutdown$$00000003  c_w.l(libshutdown2.o)
    0x08000212   0x00000000   Code   RO          766    .ARM.Collect$$libshutdown$$00000006  c_w.l(libshutdown2.o)
    0x08000212   0x00000000   Code   RO          769    .ARM.Collect$$libshutdown$$00000009  c_w.l(libshutdown2.o)
    0x08000212   0x00000000   Code   RO          771    .ARM.Collect$$libshutdown$$0000000B  c_w.l(libshutdown2.o)
    0x08000212   0x00000000   Code   RO          774    .ARM.Collect$$libshutdown$$0000000E  c_w.l(libshutdown2.o)
    0x08000212   0x00000002   Code   RO          775    .ARM.Collect$$libshutdown$$0000000F  c_w.l(libshutdown2.o)
    0x08000214   0x00000000   Code   RO          540    .ARM.Collect$$rtentry$$00000000  c_w.l(__rtentry.o)
    0x08000214   0x00000000   Code   RO          596    .ARM.Collect$$rtentry$$00000002  c_w.l(__rtentry2.o)
    0x08000214   0x00000006   Code   RO          608    .ARM.Collect$$rtentry$$00000004  c_w.l(__rtentry4.o)
    0x0800021a   0x00000000   Code   RO          598    .ARM.Collect$$rtentry$$00000009  c_w.l(__rtentry2.o)
    0x0800021a   0x00000004   Code   RO          599    .ARM.Collect$$rtentry$$0000000A  c_w.l(__rtentry2.o)
    0x0800021e   0x00000000   Code   RO          601    .ARM.Collect$$rtentry$$0000000C  c_w.l(__rtentry2.o)
    0x0800021e   0x00000008   Code   RO          602    .ARM.Collect$$rtentry$$0000000D  c_w.l(__rtentry2.o)
    0x08000226   0x00000002   Code   RO          723    .ARM.Collect$$rtexit$$00000000  c_w.l(rtexit.o)
    0x08000228   0x00000000   Code   RO          733    .ARM.Collect$$rtexit$$00000002  c_w.l(rtexit2.o)
    0x08000228   0x00000004   Code   RO          734    .ARM.Collect$$rtexit$$00000003  c_w.l(rtexit2.o)
    0x0800022c   0x00000006   Code   RO          735    .ARM.Collect$$rtexit$$00000004  c_w.l(rtexit2.o)
    0x08000232   0x00000002   PAD
    0x08000234   0x00000594   Code   RO            1    .text               main.o
    0x080007c8   0x0000001a   Code   RO          101    .text               stm32f10x_it.o
    0x080007e2   0x00000002   PAD
    0x080007e4   0x000001e0   Code   RO          133    .text               system_stm32f10x.o
    0x080009c4   0x0000004c   Code   RO          151    .text               led.o
    0x08000a10   0x000000fc   Code   RO          163    .text               key.o
    0x08000b0c   0x00004a5c   Code   RO          176    .text               lcd.o
    0x08005568   0x000000bc   Code   RO          199    .text               timer.o
    0x08005624   0x0000017c   Code   RO          215    .text               usart3.o
    0x080057a0   0x000008b8   Code   RO          244    .text               gps.o
    0x08006058   0x000000d4   Code   RO          270    .text               delay.o
    0x0800612c   0x00000148   Code   RO          296    .text               usart.o
    0x08006274   0x00000040   Code   RO          333    .text               startup_stm32f10x_md.o
    0x080062b4   0x000000dc   Code   RO          337    .text               misc.o
    0x08006390   0x0000060c   Code   RO          349    .text               stm32f10x_fsmc.o
    0x0800699c   0x0000035c   Code   RO          361    .text               stm32f10x_gpio.o
    0x08006cf8   0x000003a4   Code   RO          373    .text               stm32f10x_rcc.o
    0x0800709c   0x00000408   Code   RO          387    .text               stm32f10x_usart.o
    0x080074a4   0x00000e1a   Code   RO          399    .text               stm32f10x_tim.o
    0x080082be   0x00000002   Code   RO          425    .text               c_w.l(use_no_semi_2.o)
    0x080082c0   0x00000024   Code   RO          427    .text               c_w.l(c89vsprintf.o)
    0x080082e4   0x00000018   Code   RO          429    .text               c_w.l(__2printf.o)
    0x080082fc   0x0000002c   Code   RO          431    .text               c_w.l(__2sprintf.o)
    0x08008328   0x0000004e   Code   RO          439    .text               c_w.l(_printf_pad.o)
    0x08008376   0x00000052   Code   RO          441    .text               c_w.l(_printf_str.o)
    0x080083c8   0x00000078   Code   RO          443    .text               c_w.l(_printf_dec.o)
    0x08008440   0x00000094   Code   RO          463    .text               c_w.l(_printf_hex_int_ll_ptr.o)
    0x080084d4   0x00000188   Code   RO          483    .text               c_w.l(__printf_flags_ss_wp.o)
    0x0800865c   0x00000024   Code   RO          492    .text               c_w.l(strstr.o)
    0x08008680   0x0000003e   Code   RO          494    .text               c_w.l(strlen.o)
    0x080086be   0x00000006   Code   RO          496    .text               c_w.l(heapauxi.o)
    0x080086c4   0x00000002   Code   RO          538    .text               c_w.l(use_no_semi.o)
    0x080086c6   0x00000024   Code   RO          541    .text               c_w.l(_printf_truncate.o)
    0x080086ea   0x000000b2   Code   RO          543    .text               c_w.l(_printf_intcommon.o)
    0x0800879c   0x00000028   Code   RO          545    .text               c_w.l(_printf_charcount.o)
    0x080087c4   0x0000041a   Code   RO          547    .text               c_w.l(_printf_fp_dec.o)
    0x08008bde   0x00000002   PAD
    0x08008be0   0x00000030   Code   RO          549    .text               c_w.l(_printf_char_common.o)
    0x08008c10   0x0000000a   Code   RO          551    .text               c_w.l(_sputc.o)
    0x08008c1a   0x0000002c   Code   RO          553    .text               c_w.l(_printf_char.o)
    0x08008c46   0x00000002   PAD
    0x08008c48   0x00000024   Code   RO          555    .text               c_w.l(_printf_char_file.o)
    0x08008c6c   0x000000bc   Code   RO          557    .text               c_w.l(_printf_wctomb.o)
    0x08008d28   0x0000007c   Code   RO          560    .text               c_w.l(_printf_longlong_dec.o)
    0x08008da4   0x00000070   Code   RO          566    .text               c_w.l(_printf_oct_int_ll.o)
    0x08008e14   0x00000008   Code   RO          613    .text               c_w.l(rt_locale_intlibspace.o)
    0x08008e1c   0x0000008a   Code   RO          615    .text               c_w.l(lludiv10.o)
    0x08008ea6   0x00000002   PAD
    0x08008ea8   0x00000080   Code   RO          617    .text               c_w.l(_printf_fp_infnan.o)
    0x08008f28   0x0000002c   Code   RO          621    .text               c_w.l(_printf_wchar.o)
    0x08008f54   0x000000dc   Code   RO          623    .text               c_w.l(bigflt0.o)
    0x08009030   0x00000008   Code   RO          648    .text               c_w.l(ferror.o)
    0x08009038   0x00000040   Code   RO          652    .text               c_w.l(_wcrtomb.o)
    0x08009078   0x00000008   Code   RO          661    .text               c_w.l(libspace.o)
    0x08009080   0x0000004a   Code   RO          664    .text               c_w.l(sys_stackheap_outer.o)
    0x080090ca   0x00000002   PAD
    0x080090cc   0x00000010   Code   RO          666    .text               c_w.l(rt_ctype_table.o)
    0x080090dc   0x0000000c   Code   RO          668    .text               c_w.l(exit.o)
    0x080090e8   0x00000080   Code   RO          670    .text               c_w.l(strcmpv7m.o)
    0x08009168   0x0000003e   Code   RO          626    CL$$btod_d2e        c_w.l(btod.o)
    0x080091a6   0x00000046   Code   RO          628    CL$$btod_d2e_denorm_low  c_w.l(btod.o)
    0x080091ec   0x00000060   Code   RO          627    CL$$btod_d2e_norm_op1  c_w.l(btod.o)
    0x0800924c   0x00000338   Code   RO          636    CL$$btod_div_common  c_w.l(btod.o)
    0x08009584   0x000000c6   Code   RO          633    CL$$btod_e2e        c_w.l(btod.o)
    0x0800964a   0x00000028   Code   RO          630    CL$$btod_ediv       c_w.l(btod.o)
    0x08009672   0x00000028   Code   RO          629    CL$$btod_emul       c_w.l(btod.o)
    0x0800969a   0x00000244   Code   RO          635    CL$$btod_mult_common  c_w.l(btod.o)
    0x080098de   0x00000028   Code   RO          659    i.__ARM_fpclassify  m_ws.l(fpclassify.o)
    0x08009906   0x0000000e   Code   RO          476    i._is_digit         c_w.l(__printf_wp.o)
    0x08009914   0x0000002c   Code   RO          655    locale$$code        c_w.l(lc_numeric_c.o)
    0x08009940   0x0000002c   Code   RO          726    locale$$code        c_w.l(lc_ctype_c.o)
    0x0800996c   0x0000005a   Code   RO          500    x$fpl$dfixu         fz_ws.l(dfixu.o)
    0x080099c6   0x00000026   Code   RO          504    x$fpl$dfltu         fz_ws.l(dflt_clz.o)
    0x080099ec   0x00000154   Code   RO          510    x$fpl$dmul          fz_ws.l(dmul.o)
    0x08009b40   0x0000009c   Code   RO          586    x$fpl$dnaninf       fz_ws.l(dnaninf.o)
    0x08009bdc   0x0000000c   Code   RO          588    x$fpl$dretinf       fz_ws.l(dretinf.o)
    0x08009be8   0x00000056   Code   RO          512    x$fpl$f2d           fz_ws.l(f2d.o)
    0x08009c3e   0x00000002   PAD
    0x08009c40   0x000000c4   Code   RO          514    x$fpl$fadd          fz_ws.l(faddsub_clz.o)
    0x08009d04   0x00000184   Code   RO          521    x$fpl$fdiv          fz_ws.l(fdiv.o)
    0x08009e88   0x0000003e   Code   RO          524    x$fpl$ffixu         fz_ws.l(ffixu.o)
    0x08009ec6   0x00000002   PAD
    0x08009ec8   0x00000030   Code   RO          529    x$fpl$fflt          fz_ws.l(fflt_clz.o)
    0x08009ef8   0x00000026   Code   RO          528    x$fpl$ffltu         fz_ws.l(fflt_clz.o)
    0x08009f1e   0x00000002   PAD
    0x08009f20   0x00000102   Code   RO          534    x$fpl$fmul          fz_ws.l(fmul.o)
    0x0800a022   0x0000008c   Code   RO          590    x$fpl$fnaninf       fz_ws.l(fnaninf.o)
    0x0800a0ae   0x0000000a   Code   RO          592    x$fpl$fretinf       fz_ws.l(fretinf.o)
    0x0800a0b8   0x000000ea   Code   RO          516    x$fpl$fsub          fz_ws.l(faddsub_clz.o)
    0x0800a1a2   0x00000004   Code   RO          536    x$fpl$printf1       fz_ws.l(printf1.o)
    0x0800a1a6   0x00000000   Code   RO          594    x$fpl$usenofp       fz_ws.l(usenofp.o)
    0x0800a1a6   0x000017c0   Data   RO          178    .constdata          lcd.o
    0x0800b966   0x00000028   Data   RO          464    .constdata          c_w.l(_printf_hex_int_ll_ptr.o)
    0x0800b98e   0x00000011   Data   RO          484    .constdata          c_w.l(__printf_flags_ss_wp.o)
    0x0800b99f   0x00000001   PAD
    0x0800b9a0   0x00000008   Data   RO          558    .constdata          c_w.l(_printf_wctomb.o)
    0x0800b9a8   0x00000094   Data   RO          624    .constdata          c_w.l(bigflt0.o)
    0x0800ba3c   0x00000015   Data   RO            3    .conststring        main.o
    0x0800ba51   0x00000003   PAD
    0x0800ba54   0x00000020   Data   RO          800    Region$$Table       anon$$obj.o
    0x0800ba74   0x0000001c   Data   RO          654    locale$$data        c_w.l(lc_numeric_c.o)
    0x0800ba90   0x00000110   Data   RO          725    locale$$data        c_w.l(lc_ctype_c.o)


    Execution Region RW_IRAM1 (Base: 0x20000000, Size: 0x00001a98, Max: 0x00005000, ABSOLUTE)

    Base Addr    Size         Type   Attr      Idx    E Section Name        Object

    0x20000000   0x00000010   Data   RW            4    .data               main.o
    0x20000010   0x00000014   Data   RW          134    .data               system_stm32f10x.o
    0x20000024   0x00000001   Data   RW          164    .data               key.o
    0x20000025   0x00000001   PAD
    0x20000026   0x00000004   Data   RW          179    .data               lcd.o
    0x2000002a   0x00000002   Data   RW          217    .data               usart3.o
    0x2000002c   0x00000019   Data   RW          245    .data               gps.o
    0x20000045   0x00000001   PAD
    0x20000046   0x00000004   Data   RW          271    .data               delay.o
    0x2000004a   0x00000002   PAD
    0x2000004c   0x00000006   Data   RW          298    .data               usart.o
    0x20000052   0x00000014   Data   RW          374    .data               stm32f10x_rcc.o
    0x20000066   0x00000002   PAD
    0x20000068   0x0000089e   Zero   RW            2    .bss                main.o
    0x20000906   0x0000000e   Zero   RW          177    .bss                lcd.o
    0x20000914   0x00000a58   Zero   RW          216    .bss                usart3.o
    0x2000136c   0x000000c8   Zero   RW          297    .bss                usart.o
    0x20001434   0x00000060   Zero   RW          662    .bss                c_w.l(libspace.o)
    0x20001494   0x00000004   PAD
    0x20001498   0x00000200   Zero   RW          331    HEAP                startup_stm32f10x_md.o
    0x20001698   0x00000400   Zero   RW          330    STACK               startup_stm32f10x_md.o


==============================================================================

Image component sizes


      Code (inc. data)   RO Data    RW Data    ZI Data      Debug   Object Name

         0          0          0          0          0         32   core_cm3.o
       212         18          0          4          0       1035   delay.o
      2232         62          0         25          0       7044   gps.o
       252         12          0          1          0        840   key.o
     19036        162       6080          4         14      21666   lcd.o
        76          8          0          0          0        503   led.o
      1428        480         21         16       2206     263270   main.o
       220         22          0          0          0       1821   misc.o
        64         26        236          0       1536        804   startup_stm32f10x_md.o
      1548         18          0          0          0       5367   stm32f10x_fsmc.o
       860         38          0          0          0       5665   stm32f10x_gpio.o
        26          0          0          0          0       1190   stm32f10x_it.o
       932         36          0         20          0       8848   stm32f10x_rcc.o
      3610         88          0          0          0      22152   stm32f10x_tim.o
      1032         22          0          0          0       8392   stm32f10x_usart.o
       480         38          0         20          0       1767   system_stm32f10x.o
       188         12          0          0          0       1130   timer.o
       328         18          0          6        200       3190   usart.o
       380         24          0          2       2648       2586   usart3.o

    ----------------------------------------------------------------------
     32906       1084       6372        104       6604     357302   Object Totals
         0          0         32          0          0          0   (incl. Generated)
         2          0          3          6          0          0   (incl. Padding)

    ----------------------------------------------------------------------

      Code (inc. data)   RO Data    RW Data    ZI Data      Debug   Library Member Name

        24          4          0          0          0         84   __2printf.o
        44          6          0          0          0         84   __2sprintf.o
         8          0          0          0          0         68   __main.o
       392          4         17          0          0         92   __printf_flags_ss_wp.o
        14          0          0          0          0         68   __printf_wp.o
         0          0          0          0          0          0   __rtentry.o
        12          0          0          0          0          0   __rtentry2.o
         6          0          0          0          0          0   __rtentry4.o
        52          8          0          0          0          0   __scatter.o
        26          0          0          0          0          0   __scatter_copy.o
        28          0          0          0          0          0   __scatter_zi.o
         6          0          0          0          0          0   _printf_a.o
         6          0          0          0          0          0   _printf_c.o
        44          0          0          0          0        108   _printf_char.o
        48          6          0          0          0         96   _printf_char_common.o
        36          4          0          0          0         80   _printf_char_file.o
        40          0          0          0          0         68   _printf_charcount.o
         6          0          0          0          0          0   _printf_d.o
       120         16          0          0          0         92   _printf_dec.o
         6          0          0          0          0          0   _printf_e.o
         6          0          0          0          0          0   _printf_f.o
      1050          0          0          0          0        216   _printf_fp_dec.o
       128         16          0          0          0         84   _printf_fp_infnan.o
         6          0          0          0          0          0   _printf_g.o
       148          4         40          0          0        160   _printf_hex_int_ll_ptr.o
         6          0          0          0          0          0   _printf_i.o
       178          0          0          0          0         88   _printf_intcommon.o
        10          0          0          0          0          0   _printf_l.o
         6          0          0          0          0          0   _printf_lc.o
        10          0          0          0          0          0   _printf_ll.o
         6          0          0          0          0          0   _printf_lld.o
         6          0          0          0          0          0   _printf_lli.o
         6          0          0          0          0          0   _printf_llo.o
         6          0          0          0          0          0   _printf_llu.o
         6          0          0          0          0          0   _printf_llx.o
       124         16          0          0          0         92   _printf_longlong_dec.o
         6          0          0          0          0          0   _printf_ls.o
         6          0          0          0          0          0   _printf_n.o
         6          0          0          0          0          0   _printf_o.o
       112          8          0          0          0        124   _printf_oct_int_ll.o
         6          0          0          0          0          0   _printf_p.o
        78          0          0          0          0        108   _printf_pad.o
         0          0          0          0          0          0   _printf_percent.o
         4          0          0          0          0          0   _printf_percent_end.o
         6          0          0          0          0          0   _printf_s.o
        82          0          0          0          0         80   _printf_str.o
        36          0          0          0          0         84   _printf_truncate.o
         6          0          0          0          0          0   _printf_u.o
        44          0          0          0          0        108   _printf_wchar.o
       188          6          8          0          0         92   _printf_wctomb.o
         6          0          0          0          0          0   _printf_x.o
        10          0          0          0          0         68   _sputc.o
        64          0          0          0          0         92   _wcrtomb.o
       220          4        148          0          0         96   bigflt0.o
      1910        128          0          0          0        672   btod.o
        36          4          0          0          0         76   c89vsprintf.o
        12          0          0          0          0         72   exit.o
         8          0          0          0          0         68   ferror.o
         6          0          0          0          0        152   heapauxi.o
        44         10        272          0          0         76   lc_ctype_c.o
        44         10         28          0          0         76   lc_numeric_c.o
         2          0          0          0          0          0   libinit.o
        30          0          0          0          0          0   libinit2.o
         2          0          0          0          0          0   libshutdown.o
         2          0          0          0          0          0   libshutdown2.o
         8          4          0          0         96         68   libspace.o
       138          0          0          0          0         80   lludiv10.o
        16          4          0          0          0         76   rt_ctype_table.o
         8          4          0          0          0         68   rt_locale_intlibspace.o
         2          0          0          0          0          0   rtexit.o
        10          0          0          0          0          0   rtexit2.o
       128          0          0          0          0         68   strcmpv7m.o
        62          0          0          0          0         76   strlen.o
        36          0          0          0          0         80   strstr.o
        74          0          0          0          0         80   sys_stackheap_outer.o
         2          0          0          0          0         68   use_no_semi.o
         2          0          0          0          0         68   use_no_semi_2.o
        90          4          0          0          0         92   dfixu.o
        38          0          0          0          0         68   dflt_clz.o
       340         12          0          0          0        104   dmul.o
       156          4          0          0          0         92   dnaninf.o
        12          0          0          0          0         68   dretinf.o
        86          4          0          0          0         84   f2d.o
       430          8          0          0          0        168   faddsub_clz.o
       388         76          0          0          0         96   fdiv.o
        62          4          0          0          0         84   ffixu.o
        86          0          0          0          0        136   fflt_clz.o
       258          4          0          0          0         84   fmul.o
       140          4          0          0          0         84   fnaninf.o
        10          0          0          0          0         68   fretinf.o
         4          0          0          0          0         68   printf1.o
         0          0          0          0          0          0   usenofp.o
        40          0          0          0          0         68   fpclassify.o

    ----------------------------------------------------------------------
      8240        386        514          0        100       5620   Library Totals
        18          0          1          0          4          0   (incl. Padding)

    ----------------------------------------------------------------------

      Code (inc. data)   RO Data    RW Data    ZI Data      Debug   Library Name

      6082        266        513          0         96       4256   c_w.l
      2100        120          0          0          0       1296   fz_ws.l
        40          0          0          0          0         68   m_ws.l

    ----------------------------------------------------------------------
      8240        386        514          0        100       5620   Library Totals

    ----------------------------------------------------------------------

==============================================================================


      Code (inc. data)   RO Data    RW Data    ZI Data      Debug   

     41146       1470       6886        104       6704     358238   Grand Totals
     41146       1470       6886        104       6704     358238   ELF Image Totals
     41146       1470       6886        104          0          0   ROM Totals

==============================================================================

    Total RO  Size (Code + RO Data)                48032 (  46.91kB)
    Total RW  Size (RW Data + ZI Data)              6808 (   6.65kB)
    Total ROM Size (Code + RO Data + RW Data)      48136 (  47.01kB)

==============================================================================

